bringing up nodes...
14 workers [104 items]

scheduling tests via LoadScheduling

tests/ae_products/test_ae_products_api.py::TestSearchProductVariousKeywords::test_returns_results_for_keyword[jeans] 
tests/ae_account/test_ae_account_api.py::TestGetUserDetail::test_user_has_required_fields 
tests/ae_products/test_ae_products_api.py::TestSearchProduct::test_returns_matching_products 
tests/ae_products/test_ae_products_api.py::TestGetAllProducts::test_products_list_is_non_empty 
tests/ae_products/test_ae_products_api.py::TestPostToProductsList::test_returns_405_method_not_supported 
tests/ae_products/test_ae_products_api.py::TestGetAllBrands::test_brands_list_is_non_empty 
tests/ae_account/test_ae_account_api.py::TestDeleteAccount::test_returns_200_account_deleted 
tests/ae_account/test_ae_account_api.py::TestUpdateAccount::test_returns_200_user_updated 
tests/ae_account/test_ae_account_api.py::TestVerifyLoginInvalidCredentials::test_returns_404_user_not_found 
tests/ae_account/test_ae_account_api.py::TestCreateAccount::test_returns_201_user_created 
tests/ae_account/test_ae_account_api.py::TestVerifyLoginMissingEmail::test_returns_400_missing_parameter 
tests/ae_account/test_ae_account_api.py::TestVerifyLogin::test_returns_200_user_exists 
tests/ae_products/test_ae_products_api.py::TestSearchProductVariousKeywords::test_returns_results_for_keyword[dress] 
tests/ae_account/test_ae_account_api.py::TestGetUserDetail::test_returns_200_with_user_object 
[gw7] [  0%] FAILED tests/ae_account/test_ae_account_api.py::TestGetUserDetail::test_user_has_required_fields 
[gw3] [  1%] FAILED tests/ae_account/test_ae_account_api.py::TestCreateAccount::test_returns_201_user_created 
[gw9] [  2%] FAILED tests/ae_products/test_ae_products_api.py::TestPostToProductsList::test_returns_405_method_not_supported 
tests/ae_products/test_ae_products_api.py::TestGetAllProducts::test_returns_200 
tests/ae_products/test_ae_products_api.py::TestGetAllBrands::test_returns_200 
[gw11] [  3%] FAILED tests/ae_products/test_ae_products_api.py::TestSearchProduct::test_returns_matching_products 
[gw12] [  4%] FAILED tests/ae_products/test_ae_products_api.py::TestSearchProductVariousKeywords::test_returns_results_for_keyword[dress] 
[gw1] [  5%] FAILED tests/ae_account/test_ae_account_api.py::TestVerifyLoginMissingEmail::test_returns_400_missing_parameter 
[gw8] [  6%] FAILED tests/ae_products/test_ae_products_api.py::TestGetAllProducts::test_products_list_is_non_empty 
[gw2] [  7%] FAILED tests/ae_account/test_ae_account_api.py::TestVerifyLoginInvalidCredentials::test_returns_404_user_not_found 
[gw10] [  8%] FAILED tests/ae_products/test_ae_products_api.py::TestGetAllBrands::test_brands_list_is_non_empty 
[gw13] [  9%] FAILED tests/ae_products/test_ae_products_api.py::TestSearchProductVariousKeywords::test_returns_results_for_keyword[jeans] 
[gw0] [ 10%] ERROR tests/ae_account/test_ae_account_api.py::TestVerifyLogin::test_returns_200_user_exists 
tests/ae_products/test_ae_products_api.py::TestSearchProduct::test_search_results_contain_keyword 
[gw6] [ 11%] FAILED tests/ae_account/test_ae_account_api.py::TestGetUserDetail::test_returns_200_with_user_object 
[gw4] [ 12%] ERROR tests/ae_account/test_ae_account_api.py::TestDeleteAccount::test_returns_200_account_deleted 
tests/ae_products/test_ae_products_api.py::TestGetAllProducts::test_each_product_has_name_and_price 
tests/ae_products/test_ae_products_api.py::TestSearchProductVariousKeywords::test_returns_results_for_keyword[saree] 
tests/ae_account/test_ae_account_api.py::TestDeleteVerifyLogin::test_returns_405_method_not_supported 
[gw5] [ 13%] ERROR tests/ae_account/test_ae_account_api.py::TestUpdateAccount::test_returns_200_user_updated 
tests/ae_products/test_ae_products_api.py::TestPutToBrandsList::test_returns_405_method_not_supported 
tests/ae_account/test_ae_account_api.py::TestVerifyLoginInvalidCredentials::test_message_indicates_user_not_found 
tests/ae_products/test_ae_products_api.py::TestSearchProductMissingParam::test_returns_400_bad_request 
tests/ae_account/test_ae_account_api.py::TestGetUserDetail::test_email_matches_requested 
tests/ae_account/test_ae_account_api.py::TestVerifyLogin::test_message_confirms_user_exists 
tests/ae_account/test_ae_account_api.py::TestDeleteAccount::test_message_confirms_deletion 
tests/ae_account/test_ae_account_api.py::TestUpdateAccount::test_message_confirms_update 
tests/ae_account/test_ae_account_api.py::TestCreateAccount::test_message_confirms_creation 
[gw7] [ 14%] FAILED tests/ae_products/test_ae_products_api.py::TestGetAllProducts::test_returns_200 
[gw9] [ 15%] FAILED tests/ae_products/test_ae_products_api.py::TestGetAllBrands::test_returns_200 
tests/ae_products/test_ae_products_api.py::TestSearchProductMissingParam::test_error_message_mentions_missing_param 
tests/checkout/test_checkout_ui.py::TestPlaceOrderRegisterBeforeCheckout::test_order_placed_successfully[chromium] 
[gw12] [ 16%] FAILED tests/ae_products/test_ae_products_api.py::TestSearchProductVariousKeywords::test_returns_results_for_keyword[saree] 
[gw11] [ 17%] FAILED tests/ae_products/test_ae_products_api.py::TestSearchProduct::test_search_results_contain_keyword 
[gw8] [ 18%] FAILED tests/ae_products/test_ae_products_api.py::TestGetAllProducts::test_each_product_has_name_and_price 
[gw13] [ 19%] FAILED tests/ae_products/test_ae_products_api.py::TestSearchProductMissingParam::test_returns_400_bad_request 
[gw1] [ 20%] FAILED tests/ae_account/test_ae_account_api.py::TestDeleteVerifyLogin::test_returns_405_method_not_supported 
tests/checkout/test_checkout_ui.py::TestVerifyAddressAtCheckout::test_delivery_address_is_not_empty[chromium] 
tests/checkout/test_checkout_ui.py::TestPlaceOrderLoginBeforeCheckout::test_order_placed_after_login[chromium] 
[gw6] [ 21%] FAILED tests/ae_account/test_ae_account_api.py::TestGetUserDetail::test_email_matches_requested 
tests/checkout/test_checkout_ui.py::TestPlaceOrderRegisterDuringCheckout::test_order_placed_after_registering_at_checkout[chromium] 
[gw2] [ 22%] FAILED tests/ae_account/test_ae_account_api.py::TestVerifyLoginInvalidCredentials::test_message_indicates_user_not_found 
[gw10] [ 23%] FAILED tests/ae_products/test_ae_products_api.py::TestPutToBrandsList::test_returns_405_method_not_supported 
tests/home/test_home_ui.py::TestNavigateToTestCasesPage::test_test_cases_page_loads[chromium] 
tests/checkout/test_checkout_ui.py::TestDownloadInvoice::test_invoice_file_is_downloaded[chromium] 
tests/contact/test_contact_ui.py::TestContactUsForm::test_success_allows_return_to_home[chromium] 
tests/contact/test_contact_ui.py::TestContactUsForm::test_form_submission_shows_success[chromium] 
tests/home/test_home_ui.py::TestScrollUpWithArrow::test_scroll_up_arrow_returns_to_hero[chromium] 
[gw0] [ 24%] ERROR tests/ae_account/test_ae_account_api.py::TestVerifyLogin::test_message_confirms_user_exists 
[gw4] [ 25%] ERROR tests/ae_account/test_ae_account_api.py::TestDeleteAccount::test_message_confirms_deletion 
[gw5] [ 25%] ERROR tests/ae_account/test_ae_account_api.py::TestUpdateAccount::test_message_confirms_update 
tests/home/test_home_ui.py::TestScrollUpManually::test_manual_scroll_up_returns_to_hero[chromium] 
tests/products/test_cart_ui.py::TestAddProductsToCart::test_two_products_appear_in_cart[chromium] 
tests/products/test_cart_ui.py::TestAddProductsToCart::test_cart_shows_correct_product_names[chromium] 
[gw3] [ 26%] FAILED tests/ae_account/test_ae_account_api.py::TestCreateAccount::test_message_confirms_creation 
[gw7] [ 27%] FAILED tests/ae_products/test_ae_products_api.py::TestSearchProductMissingParam::test_error_message_mentions_missing_param 
tests/products/test_cart_ui.py::TestRemoveProductFromCart::test_product_removed_from_cart[chromium] 
[gw13] [ 28%] ERROR tests/home/test_home_ui.py::TestNavigateToTestCasesPage::test_test_cases_page_loads[chromium] 
[gw2] [ 29%] ERROR tests/contact/test_contact_ui.py::TestContactUsForm::test_success_allows_return_to_home[chromium] 
[gw6] [ 30%] ERROR tests/home/test_home_ui.py::TestScrollUpWithArrow::test_scroll_up_arrow_returns_to_hero[chromium] 
[gw10] [ 31%] ERROR tests/contact/test_contact_ui.py::TestContactUsForm::test_form_submission_shows_success[chromium] 
tests/products/test_categories_brands_ui.py::TestViewBrandProducts::test_h_m_brand_page_shows_products[chromium] 
[gw11] [ 32%] ERROR tests/checkout/test_checkout_ui.py::TestPlaceOrderLoginBeforeCheckout::test_order_placed_after_login[chromium] 
[gw0] [ 33%] ERROR tests/home/test_home_ui.py::TestScrollUpManually::test_manual_scroll_up_returns_to_hero[chromium] 
tests/products/test_product_detail_ui.py::TestProductDetailPage::test_product_detail_page_shows_price[chromium] 
tests/products/test_product_detail_ui.py::TestProductDetailPage::test_product_detail_page_shows_category[chromium] 
tests/products/test_product_detail_ui.py::TestProductDetailPage::test_product_detail_page_shows_name[chromium] 
tests/products/test_cart_ui.py::TestAddRecommendedItemToCart::test_recommended_item_added_to_cart[chromium] 
tests/products/test_product_detail_ui.py::TestProductDetailPage::test_product_detail_page_shows_availability[chromium] 
[gw4] [ 34%] ERROR tests/products/test_cart_ui.py::TestAddProductsToCart::test_two_products_appear_in_cart[chromium] 
[gw5] [ 35%] ERROR tests/products/test_cart_ui.py::TestAddProductsToCart::test_cart_shows_correct_product_names[chromium] 
tests/products/test_product_detail_ui.py::TestProductDetailPage::test_product_detail_page_shows_brand[chromium] 
tests/products/test_product_detail_ui.py::TestProductDetailPage::test_view_product_link_navigates_to_detail[chromium] 
[gw13] [ 36%] ERROR tests/products/test_categories_brands_ui.py::TestViewBrandProducts::test_h_m_brand_page_shows_products[chromium] 
[gw11] [ 37%] ERROR tests/products/test_cart_ui.py::TestAddRecommendedItemToCart::test_recommended_item_added_to_cart[chromium] 
[gw2] [ 38%] ERROR tests/products/test_product_detail_ui.py::TestProductDetailPage::test_product_detail_page_shows_price[chromium] 
[gw6] [ 39%] ERROR tests/products/test_product_detail_ui.py::TestProductDetailPage::test_product_detail_page_shows_category[chromium] 
tests/products/test_product_visual.py::TestProductPixelSnapshots::test_product_listing_and_card_snapshots[chromium] 
tests/products/test_product_ui.py::TestProductPage::test_page_loads[chromium] 
tests/products/test_product_ui.py::TestProductPage::test_products_are_listed[chromium] 
[gw10] [ 40%] ERROR tests/products/test_product_detail_ui.py::TestProductDetailPage::test_product_detail_page_shows_name[chromium] 
tests/products/test_product_ui.py::TestProductSearch::test_search_returns_results[chromium] 
tests/products/test_product_visual.py::TestProductPixelSnapshots::test_home_hero_snapshot[chromium] 
[gw0] [ 41%] ERROR tests/products/test_product_detail_ui.py::TestProductDetailPage::test_product_detail_page_shows_availability[chromium] 
tests/products/test_subscription_ui.py::TestSubscriptionOnHomePage::test_subscription_success_shown[chromium] 
[gw5] [ 42%] ERROR tests/products/test_product_detail_ui.py::TestProductDetailPage::test_view_product_link_navigates_to_detail[chromium] 
[gw4] [ 43%] ERROR tests/products/test_product_detail_ui.py::TestProductDetailPage::test_product_detail_page_shows_brand[chromium] 
tests/users/test_login_ui.py::TestLoginPage::test_page_loads[chromium] 
tests/products/test_subscription_ui.py::TestSubscriptionOnCartPage::test_subscription_success_on_cart[chromium] 
[gw2] [ 44%] ERROR tests/products/test_product_ui.py::TestProductPage::test_products_are_listed[chromium] 
[gw13] [ 45%] ERROR tests/products/test_product_ui.py::TestProductPage::test_page_loads[chromium] 
[gw6] [ 46%] ERROR tests/products/test_product_ui.py::TestProductSearch::test_search_returns_results[chromium] 
tests/users/test_login_ui.py::TestLoginWithInvalidCredentials::test_wrong_credentials_show_error_and_stay_on_login[chromium] 
tests/users/test_login_ui.py::TestLogout::test_logout_redirects_to_login[chromium] 
tests/users/test_register_ui.py::TestRegisterUser::test_account_created_page_shows_success[chromium] 
[gw0] [ 47%] ERROR tests/products/test_subscription_ui.py::TestSubscriptionOnHomePage::test_subscription_success_shown[chromium] 
tests/posts/test_post_api.py::TestGetPost::test_returns_valid_schema 
[gw4] [ 48%] ERROR tests/products/test_subscription_ui.py::TestSubscriptionOnCartPage::test_subscription_success_on_cart[chromium] 
tests/posts/test_post_api.py::TestGetPost::test_title_is_non_empty 
tests/products/test_cart_ui.py::TestProductQuantityInCart::test_quantity_4_is_reflected_in_cart[chromium] 
[gw4] [ 49%] PASSED tests/posts/test_post_api.py::TestGetPost::test_title_is_non_empty 
tests/posts/test_post_api.py::TestGetPost::test_valid_id_returns_matching_post[75] 
[gw9] [ 50%] ERROR tests/checkout/test_checkout_ui.py::TestPlaceOrderRegisterBeforeCheckout::test_order_placed_successfully[chromium] 
[gw12] [ 50%] ERROR tests/checkout/test_checkout_ui.py::TestVerifyAddressAtCheckout::test_delivery_address_is_not_empty[chromium] 
[gw1] [ 51%] ERROR tests/checkout/test_checkout_ui.py::TestDownloadInvoice::test_invoice_file_is_downloaded[chromium] 
[gw2] [ 52%] ERROR tests/users/test_login_ui.py::TestLogout::test_logout_redirects_to_login[chromium] 
tests/posts/test_post_api.py::TestGetPost::test_valid_id_returns_matching_post[1] 
[gw4] [ 53%] PASSED tests/posts/test_post_api.py::TestGetPost::test_valid_id_returns_matching_post[75] 
tests/posts/test_post_api.py::TestGetAllPosts::test_returns_non_empty_list 
[gw4] [ 54%] PASSED tests/posts/test_post_api.py::TestGetAllPosts::test_returns_non_empty_list 
tests/posts/test_post_api.py::TestCreatePost::test_echoes_payload_fields 
[gw2] [ 55%] PASSED tests/posts/test_post_api.py::TestGetPost::test_valid_id_returns_matching_post[1] 
tests/posts/test_post_api.py::TestGetAllPosts::test_user_id_deserializes_from_camel_case 
[gw4] [ 56%] PASSED tests/posts/test_post_api.py::TestCreatePost::test_echoes_payload_fields 
tests/posts/test_post_api.py::TestCreatePost::test_response_includes_generated_id 
[gw2] [ 57%] PASSED tests/posts/test_post_api.py::TestGetAllPosts::test_user_id_deserializes_from_camel_case 
tests/posts/test_post_api.py::TestCreatePost::test_various_payloads_return_generated_id[Short-Brief content.] 
[gw4] [ 58%] PASSED tests/posts/test_post_api.py::TestCreatePost::test_response_includes_generated_id 
tests/posts/test_post_api.py::TestCreatePost::test_various_payloads_return_generated_id[AAAAAAAAAAAAAAAAAAAAAAAAAAAAAAAAAAAAAAAAAAAAAAAAAAAAAAAAAAAAAAAAAAAAAAAAAAAAAAAA-Body with a maximum-length title.] 
[gw2] [ 59%] PASSED tests/posts/test_post_api.py::TestCreatePost::test_various_payloads_return_generated_id[Short-Brief content.] 
tests/posts/test_post_api.py::TestCreatePost::test_various_payloads_return_generated_id[Unicode: caf\xe9 \u5317\u4eac-Body content with unicode characters.] 
[gw0] [ 60%] FAILED tests/posts/test_post_api.py::TestGetPost::test_returns_valid_schema 
tests/posts/test_post_api.py::TestGetPost::test_valid_id_returns_matching_post[50] 
tests/products/test_cart_ui.py::TestSearchAndVerifyCartAfterLogin::test_cart_products_persist_after_login[chromium] 
tests/products/test_categories_brands_ui.py::TestViewCategoryProducts::test_women_tops_category_shows_products[chromium] 
tests/products/test_categories_brands_ui.py::TestViewBrandProducts::test_polo_brand_page_shows_products[chromium] 
[gw4] [ 61%] PASSED tests/posts/test_post_api.py::TestCreatePost::test_various_payloads_return_generated_id[AAAAAAAAAAAAAAAAAAAAAAAAAAAAAAAAAAAAAAAAAAAAAAAAAAAAAAAAAAAAAAAAAAAAAAAAAAAAAAAA-Body with a maximum-length title.] 
tests/posts/test_post_api.py::TestUpdatePost::test_updated_title_is_reflected 
[gw2] [ 62%] PASSED tests/posts/test_post_api.py::TestCreatePost::test_various_payloads_return_generated_id[Unicode: caf\xe9 \u5317\u4eac-Body content with unicode characters.] 
tests/posts/test_post_api.py::TestDeletePost::test_delete_returns_none 
[gw4] [ 63%] PASSED tests/posts/test_post_api.py::TestUpdatePost::test_updated_title_is_reflected 
tests/users/test_user_api.py::TestGetUser::test_valid_id_returns_matching_user[3] 
[gw2] [ 64%] PASSED tests/posts/test_post_api.py::TestDeletePost::test_delete_returns_none 
tests/users/test_user_api.py::TestGetUser::test_valid_id_returns_matching_user[5] 
[gw4] [ 65%] PASSED tests/users/test_user_api.py::TestGetUser::test_valid_id_returns_matching_user[3] 
tests/users/test_user_api.py::TestGetUser::test_valid_id_returns_matching_user[7] 
[gw2] [ 66%] PASSED tests/users/test_user_api.py::TestGetUser::test_valid_id_returns_matching_user[5] 
tests/users/test_user_api.py::TestGetUser::test_valid_id_returns_matching_user[10] 
[gw0] [ 67%] PASSED tests/posts/test_post_api.py::TestGetPost::test_valid_id_returns_matching_post[50] 
tests/users/test_user_api.py::TestGetUser::test_returns_valid_schema 
[gw4] [ 68%] PASSED tests/users/test_user_api.py::TestGetUser::test_valid_id_returns_matching_user[7] 
tests/users/test_user_api.py::TestGetAllUsers::test_returns_non_empty_list 
[gw9] [ 69%] ERROR tests/products/test_cart_ui.py::TestSearchAndVerifyCartAfterLogin::test_cart_products_persist_after_login[chromium] 
tests/users/test_user_api.py::TestGetUser::test_name_is_non_empty 
[gw12] [ 70%] ERROR tests/products/test_categories_brands_ui.py::TestViewCategoryProducts::test_women_tops_category_shows_products[chromium] 
tests/users/test_user_api.py::TestGetUser::test_unknown_id_raises_api_error 
[gw1] [ 71%] ERROR tests/products/test_categories_brands_ui.py::TestViewBrandProducts::test_polo_brand_page_shows_products[chromium] 
tests/users/test_user_api.py::TestGetUser::test_valid_id_returns_matching_user[1] 
[gw2] [ 72%] PASSED tests/users/test_user_api.py::TestGetUser::test_valid_id_returns_matching_user[10] 
tests/users/test_user_api.py::TestGetAllUsers::test_all_items_have_id 
[gw5] [ 73%] PASSED tests/users/test_login_ui.py::TestLoginPage::test_page_loads[chromium] 
tests/posts/test_post_api.py::TestGetPost::test_user_id_is_positive 
[gw0] [ 74%] PASSED tests/users/test_user_api.py::TestGetUser::test_returns_valid_schema 
[gw4] [ 75%] PASSED tests/users/test_user_api.py::TestGetAllUsers::test_returns_non_empty_list 
tests/users/test_user_api.py::TestCreateUser::test_echoes_payload_fields 
tests/users/test_user_api.py::TestCreateUser::test_response_includes_generated_id 
[gw2] [ 75%] PASSED tests/users/test_user_api.py::TestGetAllUsers::test_all_items_have_id 
tests/users/test_user_api.py::TestUpdateUser::test_updated_name_is_reflected 
[gw0] [ 76%] PASSED tests/users/test_user_api.py::TestCreateUser::test_echoes_payload_fields 
[gw4] [ 77%] PASSED tests/users/test_user_api.py::TestCreateUser::test_response_includes_generated_id 
[gw2] [ 78%] PASSED tests/users/test_user_api.py::TestUpdateUser::test_updated_name_is_reflected 
[gw9] [ 79%] FAILED tests/users/test_user_api.py::TestGetUser::test_name_is_non_empty 
[gw12] [ 80%] FAILED tests/users/test_user_api.py::TestGetUser::test_unknown_id_raises_api_error 
tests/users/test_user_api.py::TestCreateUser::test_various_names_are_echoed[Alice Smith-alice@example.com] 
[gw1] [ 81%] FAILED tests/users/test_user_api.py::TestGetUser::test_valid_id_returns_matching_user[1] 
tests/users/test_user_api.py::TestCreateUser::test_various_names_are_echoed[Bob O'Brien-bob@example.com] 
tests/users/test_user_api.py::TestCreateUser::test_various_names_are_echoed[Mar\xeda Garc\xeda-maria@example.com] 
[gw6] [ 82%] FAILED tests/users/test_register_ui.py::TestRegisterUser::test_account_created_page_shows_success[chromium] 
[gw11] [ 83%] FAILED tests/products/test_product_visual.py::TestProductPixelSnapshots::test_product_listing_and_card_snapshots[chromium] 
tests/users/test_login_ui.py::TestLoginPage::test_valid_credentials_redirect_away_from_login[chromium] 
[gw10] [ 84%] FAILED tests/products/test_product_visual.py::TestProductPixelSnapshots::test_home_hero_snapshot[chromium] 
tests/users/test_register_ui.py::TestRegisterWithExistingEmail::test_existing_email_shows_error[chromium] 
[gw11] [ 85%] ERROR tests/users/test_login_ui.py::TestLoginPage::test_valid_credentials_redirect_away_from_login[chromium] 
[gw10] [ 86%] ERROR tests/users/test_register_ui.py::TestRegisterWithExistingEmail::test_existing_email_shows_error[chromium] 
[gw5] [ 87%] FAILED tests/posts/test_post_api.py::TestGetPost::test_user_id_is_positive 
tests/users/test_user_api.py::TestDeleteUser::test_delete_returns_none 
[gw9] [ 88%] PASSED tests/users/test_user_api.py::TestCreateUser::test_various_names_are_echoed[Alice Smith-alice@example.com] 
[gw1] [ 89%] PASSED tests/users/test_user_api.py::TestCreateUser::test_various_names_are_echoed[Mar\xeda Garc\xeda-maria@example.com] 
[gw12] [ 90%] PASSED tests/users/test_user_api.py::TestCreateUser::test_various_names_are_echoed[Bob O'Brien-bob@example.com] 
tests/posts/test_post_api.py::TestGetPost::test_valid_id_returns_matching_post[25] 
[gw5] [ 91%] PASSED tests/users/test_user_api.py::TestDeleteUser::test_delete_returns_none 
[gw13] [ 92%] PASSED tests/users/test_login_ui.py::TestLoginWithInvalidCredentials::test_wrong_credentials_show_error_and_stay_on_login[chromium] 
tests/posts/test_post_api.py::TestGetPost::test_unknown_id_raises_api_error 
[gw6] [ 93%] FAILED tests/posts/test_post_api.py::TestGetPost::test_valid_id_returns_matching_post[25] 
[gw13] [ 94%] FAILED tests/posts/test_post_api.py::TestGetPost::test_unknown_id_raises_api_error 
[gw8] [ 95%] PASSED tests/checkout/test_checkout_ui.py::TestPlaceOrderRegisterDuringCheckout::test_order_placed_after_registering_at_checkout[chromium] 
tests/products/test_categories_brands_ui.py::TestViewCategoryProducts::test_men_tshirts_category_shows_products[chromium] 
[gw8] [ 96%] ERROR tests/products/test_categories_brands_ui.py::TestViewCategoryProducts::test_men_tshirts_category_shows_products[chromium] 
[gw3] [ 97%] FAILED tests/products/test_cart_ui.py::TestProductQuantityInCart::test_quantity_4_is_reflected_in_cart[chromium] 
tests/posts/test_post_api.py::TestGetPost::test_valid_id_returns_matching_post[100] 
[gw3] [ 98%] FAILED tests/posts/test_post_api.py::TestGetPost::test_valid_id_returns_matching_post[100] 
[gw7] [ 99%] PASSED tests/products/test_cart_ui.py::TestRemoveProductFromCart::test_product_removed_from_cart[chromium] 
tests/products/test_product_detail_ui.py::TestAddReview::test_review_submission_shows_success[chromium] 
[gw7] [100%] PASSED tests/products/test_product_detail_ui.py::TestAddReview::test_review_submission_shows_success[chromium] 

=================================== ERRORS ====================================
_______ ERROR at setup of TestVerifyLogin.test_returns_200_user_exists ________
[gw0] win32 -- Python 3.14.5 C:\Users\extre\PycharmProjects\pytest-demo\.venv\Scripts\python.exe
conftest.py:195: in temp_account
    yield from _account_lifecycle(AeAccountClient(context=api_context, settings=settings))
conftest.py:174: in _account_lifecycle
    client.create_account(AeCreateAccountRequest.make(email=email, password=password))
ae_account\api\ae_account_client.py:28: in create_account
    self._post("/createAccount", form=payload.model_dump())
core\ae_base_client.py:36: in _post
    response = self._context.post(url, form=form or {})
               ^^^^^^^^^^^^^^^^^^^^^^^^^^^^^^^^^^^^^^^^
.venv\Lib\site-packages\playwright\sync_api\_generated.py:20868: in post
    self._sync(
.venv\Lib\site-packages\playwright\_impl\_fetch.py:287: in post
    return await self.fetch(
.venv\Lib\site-packages\playwright\_impl\_fetch.py:326: in fetch
    return await self._inner_fetch(
.venv\Lib\site-packages\playwright\_impl\_fetch.py:432: in _inner_fetch
    response = await self._channel.send(
.venv\Lib\site-packages\playwright\_impl\_connection.py:69: in send
    return await self._connection.wrap_api_call(
.venv\Lib\site-packages\playwright\_impl\_connection.py:559: in wrap_api_call
    raise rewrite_error(error, f"{parsed_st['apiName']}: {error}") from None
E   playwright._impl._errors.TimeoutError: APIRequestContext.post: Timeout 10000ms exceeded.
E   Call log:
E     - \u2192 POST https://automationexercise.com/api/createAccount
E       - user-agent: Playwright/1.60.0 (x64; windows 10.0) python/3.14
E       - accept: */*
E       - accept-encoding: gzip,deflate,br
E       - content-type: application/x-www-form-urlencoded
E       - content-length: 295
----------------------------- Captured log setup ------------------------------
2026-06-14 20:53:42 [35mDEBUG   [0m asyncio: Using proactor: IocpProactor
2026-06-14 20:53:43 [35mDEBUG   [0m ae_account.api.ae_account_client: POST https://automationexercise.com/api/createAccount
____ ERROR at setup of TestDeleteAccount.test_returns_200_account_deleted _____
[gw4] win32 -- Python 3.14.5 C:\Users\extre\PycharmProjects\pytest-demo\.venv\Scripts\python.exe
conftest.py:195: in temp_account
    yield from _account_lifecycle(AeAccountClient(context=api_context, settings=settings))
conftest.py:174: in _account_lifecycle
    client.create_account(AeCreateAccountRequest.make(email=email, password=password))
ae_account\api\ae_account_client.py:28: in create_account
    self._post("/createAccount", form=payload.model_dump())
core\ae_base_client.py:36: in _post
    response = self._context.post(url, form=form or {})
               ^^^^^^^^^^^^^^^^^^^^^^^^^^^^^^^^^^^^^^^^
.venv\Lib\site-packages\playwright\sync_api\_generated.py:20868: in post
    self._sync(
.venv\Lib\site-packages\playwright\_impl\_fetch.py:287: in post
    return await self.fetch(
.venv\Lib\site-packages\playwright\_impl\_fetch.py:326: in fetch
    return await self._inner_fetch(
.venv\Lib\site-packages\playwright\_impl\_fetch.py:432: in _inner_fetch
    response = await self._channel.send(
.venv\Lib\site-packages\playwright\_impl\_connection.py:69: in send
    return await self._connection.wrap_api_call(
.venv\Lib\site-packages\playwright\_impl\_connection.py:559: in wrap_api_call
    raise rewrite_error(error, f"{parsed_st['apiName']}: {error}") from None
E   playwright._impl._errors.TimeoutError: APIRequestContext.post: Timeout 10000ms exceeded.
E   Call log:
E     - \u2192 POST https://automationexercise.com/api/createAccount
E       - user-agent: Playwright/1.60.0 (x64; windows 10.0) python/3.14
E       - accept: */*
E       - accept-encoding: gzip,deflate,br
E       - content-type: application/x-www-form-urlencoded
E       - content-length: 295
----------------------------- Captured log setup ------------------------------
2026-06-14 20:53:42 [35mDEBUG   [0m asyncio: Using proactor: IocpProactor
2026-06-14 20:53:43 [35mDEBUG   [0m ae_account.api.ae_account_client: POST https://automationexercise.com/api/createAccount
______ ERROR at setup of TestUpdateAccount.test_returns_200_user_updated ______
[gw5] win32 -- Python 3.14.5 C:\Users\extre\PycharmProjects\pytest-demo\.venv\Scripts\python.exe
conftest.py:195: in temp_account
    yield from _account_lifecycle(AeAccountClient(context=api_context, settings=settings))
conftest.py:174: in _account_lifecycle
    client.create_account(AeCreateAccountRequest.make(email=email, password=password))
ae_account\api\ae_account_client.py:28: in create_account
    self._post("/createAccount", form=payload.model_dump())
core\ae_base_client.py:36: in _post
    response = self._context.post(url, form=form or {})
               ^^^^^^^^^^^^^^^^^^^^^^^^^^^^^^^^^^^^^^^^
.venv\Lib\site-packages\playwright\sync_api\_generated.py:20868: in post
    self._sync(
.venv\Lib\site-packages\playwright\_impl\_fetch.py:287: in post
    return await self.fetch(
.venv\Lib\site-packages\playwright\_impl\_fetch.py:326: in fetch
    return await self._inner_fetch(
.venv\Lib\site-packages\playwright\_impl\_fetch.py:432: in _inner_fetch
    response = await self._channel.send(
.venv\Lib\site-packages\playwright\_impl\_connection.py:69: in send
    return await self._connection.wrap_api_call(
.venv\Lib\site-packages\playwright\_impl\_connection.py:559: in wrap_api_call
    raise rewrite_error(error, f"{parsed_st['apiName']}: {error}") from None
E   playwright._impl._errors.TimeoutError: APIRequestContext.post: Timeout 10000ms exceeded.
E   Call log:
E     - \u2192 POST https://automationexercise.com/api/createAccount
E       - user-agent: Playwright/1.60.0 (x64; windows 10.0) python/3.14
E       - accept: */*
E       - accept-encoding: gzip,deflate,br
E       - content-type: application/x-www-form-urlencoded
E       - content-length: 295
----------------------------- Captured log setup ------------------------------
2026-06-14 20:53:42 [35mDEBUG   [0m asyncio: Using proactor: IocpProactor
2026-06-14 20:53:43 [35mDEBUG   [0m ae_account.api.ae_account_client: POST https://automationexercise.com/api/createAccount
_____ ERROR at setup of TestVerifyLogin.test_message_confirms_user_exists _____
[gw0] win32 -- Python 3.14.5 C:\Users\extre\PycharmProjects\pytest-demo\.venv\Scripts\python.exe
conftest.py:195: in temp_account
    yield from _account_lifecycle(AeAccountClient(context=api_context, settings=settings))
conftest.py:174: in _account_lifecycle
    client.create_account(AeCreateAccountRequest.make(email=email, password=password))
ae_account\api\ae_account_client.py:28: in create_account
    self._post("/createAccount", form=payload.model_dump())
core\ae_base_client.py:36: in _post
    response = self._context.post(url, form=form or {})
               ^^^^^^^^^^^^^^^^^^^^^^^^^^^^^^^^^^^^^^^^
.venv\Lib\site-packages\playwright\sync_api\_generated.py:20868: in post
    self._sync(
.venv\Lib\site-packages\playwright\_impl\_fetch.py:287: in post
    return await self.fetch(
.venv\Lib\site-packages\playwright\_impl\_fetch.py:326: in fetch
    return await self._inner_fetch(
.venv\Lib\site-packages\playwright\_impl\_fetch.py:432: in _inner_fetch
    response = await self._channel.send(
.venv\Lib\site-packages\playwright\_impl\_connection.py:69: in send
    return await self._connection.wrap_api_call(
.venv\Lib\site-packages\playwright\_impl\_connection.py:559: in wrap_api_call
    raise rewrite_error(error, f"{parsed_st['apiName']}: {error}") from None
E   playwright._impl._errors.TimeoutError: APIRequestContext.post: Timeout 10000ms exceeded.
E   Call log:
E     - \u2192 POST https://automationexercise.com/api/createAccount
E       - user-agent: Playwright/1.60.0 (x64; windows 10.0) python/3.14
E       - accept: */*
E       - accept-encoding: gzip,deflate,br
E       - content-type: application/x-www-form-urlencoded
E       - content-length: 295
----------------------------- Captured log setup ------------------------------
2026-06-14 20:53:53 [35mDEBUG   [0m ae_account.api.ae_account_client: POST https://automationexercise.com/api/createAccount
_____ ERROR at setup of TestDeleteAccount.test_message_confirms_deletion ______
[gw4] win32 -- Python 3.14.5 C:\Users\extre\PycharmProjects\pytest-demo\.venv\Scripts\python.exe
conftest.py:195: in temp_account
    yield from _account_lifecycle(AeAccountClient(context=api_context, settings=settings))
conftest.py:174: in _account_lifecycle
    client.create_account(AeCreateAccountRequest.make(email=email, password=password))
ae_account\api\ae_account_client.py:28: in create_account
    self._post("/createAccount", form=payload.model_dump())
core\ae_base_client.py:36: in _post
    response = self._context.post(url, form=form or {})
               ^^^^^^^^^^^^^^^^^^^^^^^^^^^^^^^^^^^^^^^^
.venv\Lib\site-packages\playwright\sync_api\_generated.py:20868: in post
    self._sync(
.venv\Lib\site-packages\playwright\_impl\_fetch.py:287: in post
    return await self.fetch(
.venv\Lib\site-packages\playwright\_impl\_fetch.py:326: in fetch
    return await self._inner_fetch(
.venv\Lib\site-packages\playwright\_impl\_fetch.py:432: in _inner_fetch
    response = await self._channel.send(
.venv\Lib\site-packages\playwright\_impl\_connection.py:69: in send
    return await self._connection.wrap_api_call(
.venv\Lib\site-packages\playwright\_impl\_connection.py:559: in wrap_api_call
    raise rewrite_error(error, f"{parsed_st['apiName']}: {error}") from None
E   playwright._impl._errors.TimeoutError: APIRequestContext.post: Timeout 10000ms exceeded.
E   Call log:
E     - \u2192 POST https://automationexercise.com/api/createAccount
E       - user-agent: Playwright/1.60.0 (x64; windows 10.0) python/3.14
E       - accept: */*
E       - accept-encoding: gzip,deflate,br
E       - content-type: application/x-www-form-urlencoded
E       - content-length: 295
----------------------------- Captured log setup ------------------------------
2026-06-14 20:53:53 [35mDEBUG   [0m ae_account.api.ae_account_client: POST https://automationexercise.com/api/createAccount
______ ERROR at setup of TestUpdateAccount.test_message_confirms_update _______
[gw5] win32 -- Python 3.14.5 C:\Users\extre\PycharmProjects\pytest-demo\.venv\Scripts\python.exe
conftest.py:195: in temp_account
    yield from _account_lifecycle(AeAccountClient(context=api_context, settings=settings))
conftest.py:174: in _account_lifecycle
    client.create_account(AeCreateAccountRequest.make(email=email, password=password))
ae_account\api\ae_account_client.py:28: in create_account
    self._post("/createAccount", form=payload.model_dump())
core\ae_base_client.py:36: in _post
    response = self._context.post(url, form=form or {})
               ^^^^^^^^^^^^^^^^^^^^^^^^^^^^^^^^^^^^^^^^
.venv\Lib\site-packages\playwright\sync_api\_generated.py:20868: in post
    self._sync(
.venv\Lib\site-packages\playwright\_impl\_fetch.py:287: in post
    return await self.fetch(
.venv\Lib\site-packages\playwright\_impl\_fetch.py:326: in fetch
    return await self._inner_fetch(
.venv\Lib\site-packages\playwright\_impl\_fetch.py:432: in _inner_fetch
    response = await self._channel.send(
.venv\Lib\site-packages\playwright\_impl\_connection.py:69: in send
    return await self._connection.wrap_api_call(
.venv\Lib\site-packages\playwright\_impl\_connection.py:559: in wrap_api_call
    raise rewrite_error(error, f"{parsed_st['apiName']}: {error}") from None
E   playwright._impl._errors.TimeoutError: APIRequestContext.post: Timeout 10000ms exceeded.
E   Call log:
E     - \u2192 POST https://automationexercise.com/api/createAccount
E       - user-agent: Playwright/1.60.0 (x64; windows 10.0) python/3.14
E       - accept: */*
E       - accept-encoding: gzip,deflate,br
E       - content-type: application/x-www-form-urlencoded
E       - content-length: 295
----------------------------- Captured log setup ------------------------------
2026-06-14 20:53:53 [35mDEBUG   [0m ae_account.api.ae_account_client: POST https://automationexercise.com/api/createAccount
_ ERROR at setup of TestNavigateToTestCasesPage.test_test_cases_page_loads[chromium] _
[gw13] win32 -- Python 3.14.5 C:\Users\extre\PycharmProjects\pytest-demo\.venv\Scripts\python.exe
conftest.py:188: in live_account
    yield from _account_lifecycle(AeAccountClient(context=_ae_api_context, settings=settings))
conftest.py:174: in _account_lifecycle
    client.create_account(AeCreateAccountRequest.make(email=email, password=password))
ae_account\api\ae_account_client.py:28: in create_account
    self._post("/createAccount", form=payload.model_dump())
core\ae_base_client.py:36: in _post
    response = self._context.post(url, form=form or {})
               ^^^^^^^^^^^^^^^^^^^^^^^^^^^^^^^^^^^^^^^^
.venv\Lib\site-packages\playwright\sync_api\_generated.py:20868: in post
    self._sync(
.venv\Lib\site-packages\playwright\_impl\_fetch.py:287: in post
    return await self.fetch(
.venv\Lib\site-packages\playwright\_impl\_fetch.py:326: in fetch
    return await self._inner_fetch(
.venv\Lib\site-packages\playwright\_impl\_fetch.py:432: in _inner_fetch
    response = await self._channel.send(
.venv\Lib\site-packages\playwright\_impl\_connection.py:69: in send
    return await self._connection.wrap_api_call(
.venv\Lib\site-packages\playwright\_impl\_connection.py:559: in wrap_api_call
    raise rewrite_error(error, f"{parsed_st['apiName']}: {error}") from None
E   playwright._impl._errors.Error: APIRequestContext.post: read ECONNRESET
E   Call log:
E     - \u2192 POST https://automationexercise.com/api/createAccount
E       - user-agent: Playwright/1.60.0 (x64; windows 10.0) python/3.14
E       - accept: */*
E       - accept-encoding: gzip,deflate,br
E       - content-type: application/x-www-form-urlencoded
E       - content-length: 295
----------------------------- Captured log setup ------------------------------
2026-06-14 20:54:08 [35mDEBUG   [0m ae_account.api.ae_account_client: POST https://automationexercise.com/api/createAccount
_ ERROR at setup of TestContactUsForm.test_success_allows_return_to_home[chromium] _
[gw2] win32 -- Python 3.14.5 C:\Users\extre\PycharmProjects\pytest-demo\.venv\Scripts\python.exe
conftest.py:188: in live_account
    yield from _account_lifecycle(AeAccountClient(context=_ae_api_context, settings=settings))
conftest.py:174: in _account_lifecycle
    client.create_account(AeCreateAccountRequest.make(email=email, password=password))
ae_account\api\ae_account_client.py:28: in create_account
    self._post("/createAccount", form=payload.model_dump())
core\ae_base_client.py:36: in _post
    response = self._context.post(url, form=form or {})
               ^^^^^^^^^^^^^^^^^^^^^^^^^^^^^^^^^^^^^^^^
.venv\Lib\site-packages\playwright\sync_api\_generated.py:20868: in post
    self._sync(
.venv\Lib\site-packages\playwright\_impl\_fetch.py:287: in post
    return await self.fetch(
.venv\Lib\site-packages\playwright\_impl\_fetch.py:326: in fetch
    return await self._inner_fetch(
.venv\Lib\site-packages\playwright\_impl\_fetch.py:432: in _inner_fetch
    response = await self._channel.send(
.venv\Lib\site-packages\playwright\_impl\_connection.py:69: in send
    return await self._connection.wrap_api_call(
.venv\Lib\site-packages\playwright\_impl\_connection.py:559: in wrap_api_call
    raise rewrite_error(error, f"{parsed_st['apiName']}: {error}") from None
E   playwright._impl._errors.Error: APIRequestContext.post: read ECONNRESET
E   Call log:
E     - \u2192 POST https://automationexercise.com/api/createAccount
E       - user-agent: Playwright/1.60.0 (x64; windows 10.0) python/3.14
E       - accept: */*
E       - accept-encoding: gzip,deflate,br
E       - content-type: application/x-www-form-urlencoded
E       - content-length: 295
----------------------------- Captured log setup ------------------------------
2026-06-14 20:54:08 [35mDEBUG   [0m ae_account.api.ae_account_client: POST https://automationexercise.com/api/createAccount
_ ERROR at setup of TestScrollUpWithArrow.test_scroll_up_arrow_returns_to_hero[chromium] _
[gw6] win32 -- Python 3.14.5 C:\Users\extre\PycharmProjects\pytest-demo\.venv\Scripts\python.exe
conftest.py:188: in live_account
    yield from _account_lifecycle(AeAccountClient(context=_ae_api_context, settings=settings))
conftest.py:174: in _account_lifecycle
    client.create_account(AeCreateAccountRequest.make(email=email, password=password))
ae_account\api\ae_account_client.py:28: in create_account
    self._post("/createAccount", form=payload.model_dump())
core\ae_base_client.py:36: in _post
    response = self._context.post(url, form=form or {})
               ^^^^^^^^^^^^^^^^^^^^^^^^^^^^^^^^^^^^^^^^
.venv\Lib\site-packages\playwright\sync_api\_generated.py:20868: in post
    self._sync(
.venv\Lib\site-packages\playwright\_impl\_fetch.py:287: in post
    return await self.fetch(
.venv\Lib\site-packages\playwright\_impl\_fetch.py:326: in fetch
    return await self._inner_fetch(
.venv\Lib\site-packages\playwright\_impl\_fetch.py:432: in _inner_fetch
    response = await self._channel.send(
.venv\Lib\site-packages\playwright\_impl\_connection.py:69: in send
    return await self._connection.wrap_api_call(
.venv\Lib\site-packages\playwright\_impl\_connection.py:559: in wrap_api_call
    raise rewrite_error(error, f"{parsed_st['apiName']}: {error}") from None
E   playwright._impl._errors.Error: APIRequestContext.post: read ECONNRESET
E   Call log:
E     - \u2192 POST https://automationexercise.com/api/createAccount
E       - user-agent: Playwright/1.60.0 (x64; windows 10.0) python/3.14
E       - accept: */*
E       - accept-encoding: gzip,deflate,br
E       - content-type: application/x-www-form-urlencoded
E       - content-length: 295
----------------------------- Captured log setup ------------------------------
2026-06-14 20:54:08 [35mDEBUG   [0m ae_account.api.ae_account_client: POST https://automationexercise.com/api/createAccount
_ ERROR at setup of TestContactUsForm.test_form_submission_shows_success[chromium] _
[gw10] win32 -- Python 3.14.5 C:\Users\extre\PycharmProjects\pytest-demo\.venv\Scripts\python.exe
conftest.py:188: in live_account
    yield from _account_lifecycle(AeAccountClient(context=_ae_api_context, settings=settings))
conftest.py:174: in _account_lifecycle
    client.create_account(AeCreateAccountRequest.make(email=email, password=password))
ae_account\api\ae_account_client.py:28: in create_account
    self._post("/createAccount", form=payload.model_dump())
core\ae_base_client.py:36: in _post
    response = self._context.post(url, form=form or {})
               ^^^^^^^^^^^^^^^^^^^^^^^^^^^^^^^^^^^^^^^^
.venv\Lib\site-packages\playwright\sync_api\_generated.py:20868: in post
    self._sync(
.venv\Lib\site-packages\playwright\_impl\_fetch.py:287: in post
    return await self.fetch(
.venv\Lib\site-packages\playwright\_impl\_fetch.py:326: in fetch
    return await self._inner_fetch(
.venv\Lib\site-packages\playwright\_impl\_fetch.py:432: in _inner_fetch
    response = await self._channel.send(
.venv\Lib\site-packages\playwright\_impl\_connection.py:69: in send
    return await self._connection.wrap_api_call(
.venv\Lib\site-packages\playwright\_impl\_connection.py:559: in wrap_api_call
    raise rewrite_error(error, f"{parsed_st['apiName']}: {error}") from None
E   playwright._impl._errors.Error: APIRequestContext.post: read ECONNRESET
E   Call log:
E     - \u2192 POST https://automationexercise.com/api/createAccount
E       - user-agent: Playwright/1.60.0 (x64; windows 10.0) python/3.14
E       - accept: */*
E       - accept-encoding: gzip,deflate,br
E       - content-type: application/x-www-form-urlencoded
E       - content-length: 295
----------------------------- Captured log setup ------------------------------
2026-06-14 20:54:08 [35mDEBUG   [0m ae_account.api.ae_account_client: POST https://automationexercise.com/api/createAccount
_ ERROR at setup of TestPlaceOrderLoginBeforeCheckout.test_order_placed_after_login[chromium] _
[gw11] win32 -- Python 3.14.5 C:\Users\extre\PycharmProjects\pytest-demo\.venv\Scripts\python.exe
conftest.py:188: in live_account
    yield from _account_lifecycle(AeAccountClient(context=_ae_api_context, settings=settings))
conftest.py:174: in _account_lifecycle
    client.create_account(AeCreateAccountRequest.make(email=email, password=password))
ae_account\api\ae_account_client.py:28: in create_account
    self._post("/createAccount", form=payload.model_dump())
core\ae_base_client.py:36: in _post
    response = self._context.post(url, form=form or {})
               ^^^^^^^^^^^^^^^^^^^^^^^^^^^^^^^^^^^^^^^^
.venv\Lib\site-packages\playwright\sync_api\_generated.py:20868: in post
    self._sync(
.venv\Lib\site-packages\playwright\_impl\_fetch.py:287: in post
    return await self.fetch(
.venv\Lib\site-packages\playwright\_impl\_fetch.py:326: in fetch
    return await self._inner_fetch(
.venv\Lib\site-packages\playwright\_impl\_fetch.py:432: in _inner_fetch
    response = await self._channel.send(
.venv\Lib\site-packages\playwright\_impl\_connection.py:69: in send
    return await self._connection.wrap_api_call(
.venv\Lib\site-packages\playwright\_impl\_connection.py:559: in wrap_api_call
    raise rewrite_error(error, f"{parsed_st['apiName']}: {error}") from None
E   playwright._impl._errors.Error: APIRequestContext.post: read ECONNRESET
E   Call log:
E     - \u2192 POST https://automationexercise.com/api/createAccount
E       - user-agent: Playwright/1.60.0 (x64; windows 10.0) python/3.14
E       - accept: */*
E       - accept-encoding: gzip,deflate,br
E       - content-type: application/x-www-form-urlencoded
E       - content-length: 295
----------------------------- Captured log setup ------------------------------
2026-06-14 20:54:08 [35mDEBUG   [0m ae_account.api.ae_account_client: POST https://automationexercise.com/api/createAccount
_ ERROR at setup of TestScrollUpManually.test_manual_scroll_up_returns_to_hero[chromium] _
[gw0] win32 -- Python 3.14.5 C:\Users\extre\PycharmProjects\pytest-demo\.venv\Scripts\python.exe
conftest.py:188: in live_account
    yield from _account_lifecycle(AeAccountClient(context=_ae_api_context, settings=settings))
conftest.py:174: in _account_lifecycle
    client.create_account(AeCreateAccountRequest.make(email=email, password=password))
ae_account\api\ae_account_client.py:28: in create_account
    self._post("/createAccount", form=payload.model_dump())
core\ae_base_client.py:36: in _post
    response = self._context.post(url, form=form or {})
               ^^^^^^^^^^^^^^^^^^^^^^^^^^^^^^^^^^^^^^^^
.venv\Lib\site-packages\playwright\sync_api\_generated.py:20868: in post
    self._sync(
.venv\Lib\site-packages\playwright\_impl\_fetch.py:287: in post
    return await self.fetch(
.venv\Lib\site-packages\playwright\_impl\_fetch.py:326: in fetch
    return await self._inner_fetch(
.venv\Lib\site-packages\playwright\_impl\_fetch.py:432: in _inner_fetch
    response = await self._channel.send(
.venv\Lib\site-packages\playwright\_impl\_connection.py:69: in send
    return await self._connection.wrap_api_call(
.venv\Lib\site-packages\playwright\_impl\_connection.py:559: in wrap_api_call
    raise rewrite_error(error, f"{parsed_st['apiName']}: {error}") from None
E   playwright._impl._errors.Error: APIRequestContext.post: read ECONNRESET
E   Call log:
E     - \u2192 POST https://automationexercise.com/api/createAccount
E       - user-agent: Playwright/1.60.0 (x64; windows 10.0) python/3.14
E       - accept: */*
E       - accept-encoding: gzip,deflate,br
E       - content-type: application/x-www-form-urlencoded
E       - content-length: 295
----------------------------- Captured log setup ------------------------------
2026-06-14 20:54:08 [35mDEBUG   [0m ae_account.api.ae_account_client: POST https://automationexercise.com/api/createAccount
_ ERROR at setup of TestAddProductsToCart.test_two_products_appear_in_cart[chromium] _
[gw4] win32 -- Python 3.14.5 C:\Users\extre\PycharmProjects\pytest-demo\.venv\Scripts\python.exe
conftest.py:188: in live_account
    yield from _account_lifecycle(AeAccountClient(context=_ae_api_context, settings=settings))
conftest.py:174: in _account_lifecycle
    client.create_account(AeCreateAccountRequest.make(email=email, password=password))
ae_account\api\ae_account_client.py:28: in create_account
    self._post("/createAccount", form=payload.model_dump())
core\ae_base_client.py:36: in _post
    response = self._context.post(url, form=form or {})
               ^^^^^^^^^^^^^^^^^^^^^^^^^^^^^^^^^^^^^^^^
.venv\Lib\site-packages\playwright\sync_api\_generated.py:20868: in post
    self._sync(
.venv\Lib\site-packages\playwright\_impl\_fetch.py:287: in post
    return await self.fetch(
.venv\Lib\site-packages\playwright\_impl\_fetch.py:326: in fetch
    return await self._inner_fetch(
.venv\Lib\site-packages\playwright\_impl\_fetch.py:432: in _inner_fetch
    response = await self._channel.send(
.venv\Lib\site-packages\playwright\_impl\_connection.py:69: in send
    return await self._connection.wrap_api_call(
.venv\Lib\site-packages\playwright\_impl\_connection.py:559: in wrap_api_call
    raise rewrite_error(error, f"{parsed_st['apiName']}: {error}") from None
E   playwright._impl._errors.Error: APIRequestContext.post: read ECONNRESET
E   Call log:
E     - \u2192 POST https://automationexercise.com/api/createAccount
E       - user-agent: Playwright/1.60.0 (x64; windows 10.0) python/3.14
E       - accept: */*
E       - accept-encoding: gzip,deflate,br
E       - content-type: application/x-www-form-urlencoded
E       - content-length: 295
----------------------------- Captured log setup ------------------------------
2026-06-14 20:54:08 [35mDEBUG   [0m ae_account.api.ae_account_client: POST https://automationexercise.com/api/createAccount
_ ERROR at setup of TestAddProductsToCart.test_cart_shows_correct_product_names[chromium] _
[gw5] win32 -- Python 3.14.5 C:\Users\extre\PycharmProjects\pytest-demo\.venv\Scripts\python.exe
conftest.py:188: in live_account
    yield from _account_lifecycle(AeAccountClient(context=_ae_api_context, settings=settings))
conftest.py:174: in _account_lifecycle
    client.create_account(AeCreateAccountRequest.make(email=email, password=password))
ae_account\api\ae_account_client.py:28: in create_account
    self._post("/createAccount", form=payload.model_dump())
core\ae_base_client.py:36: in _post
    response = self._context.post(url, form=form or {})
               ^^^^^^^^^^^^^^^^^^^^^^^^^^^^^^^^^^^^^^^^
.venv\Lib\site-packages\playwright\sync_api\_generated.py:20868: in post
    self._sync(
.venv\Lib\site-packages\playwright\_impl\_fetch.py:287: in post
    return await self.fetch(
.venv\Lib\site-packages\playwright\_impl\_fetch.py:326: in fetch
    return await self._inner_fetch(
.venv\Lib\site-packages\playwright\_impl\_fetch.py:432: in _inner_fetch
    response = await self._channel.send(
.venv\Lib\site-packages\playwright\_impl\_connection.py:69: in send
    return await self._connection.wrap_api_call(
.venv\Lib\site-packages\playwright\_impl\_connection.py:559: in wrap_api_call
    raise rewrite_error(error, f"{parsed_st['apiName']}: {error}") from None
E   playwright._impl._errors.Error: APIRequestContext.post: read ECONNRESET
E   Call log:
E     - \u2192 POST https://automationexercise.com/api/createAccount
E       - user-agent: Playwright/1.60.0 (x64; windows 10.0) python/3.14
E       - accept: */*
E       - accept-encoding: gzip,deflate,br
E       - content-type: application/x-www-form-urlencoded
E       - content-length: 295
----------------------------- Captured log setup ------------------------------
2026-06-14 20:54:08 [35mDEBUG   [0m ae_account.api.ae_account_client: POST https://automationexercise.com/api/createAccount
_ ERROR at setup of TestViewBrandProducts.test_h_m_brand_page_shows_products[chromium] _
[gw13] win32 -- Python 3.14.5 C:\Users\extre\PycharmProjects\pytest-demo\.venv\Scripts\python.exe
conftest.py:188: in live_account
    yield from _account_lifecycle(AeAccountClient(context=_ae_api_context, settings=settings))
conftest.py:174: in _account_lifecycle
    client.create_account(AeCreateAccountRequest.make(email=email, password=password))
ae_account\api\ae_account_client.py:28: in create_account
    self._post("/createAccount", form=payload.model_dump())
core\ae_base_client.py:36: in _post
    response = self._context.post(url, form=form or {})
               ^^^^^^^^^^^^^^^^^^^^^^^^^^^^^^^^^^^^^^^^
.venv\Lib\site-packages\playwright\sync_api\_generated.py:20868: in post
    self._sync(
.venv\Lib\site-packages\playwright\_impl\_fetch.py:287: in post
    return await self.fetch(
.venv\Lib\site-packages\playwright\_impl\_fetch.py:326: in fetch
    return await self._inner_fetch(
.venv\Lib\site-packages\playwright\_impl\_fetch.py:432: in _inner_fetch
    response = await self._channel.send(
.venv\Lib\site-packages\playwright\_impl\_connection.py:69: in send
    return await self._connection.wrap_api_call(
.venv\Lib\site-packages\playwright\_impl\_connection.py:559: in wrap_api_call
    raise rewrite_error(error, f"{parsed_st['apiName']}: {error}") from None
E   playwright._impl._errors.Error: APIRequestContext.post: read ECONNRESET
E   Call log:
E     - \u2192 POST https://automationexercise.com/api/createAccount
E       - user-agent: Playwright/1.60.0 (x64; windows 10.0) python/3.14
E       - accept: */*
E       - accept-encoding: gzip,deflate,br
E       - content-type: application/x-www-form-urlencoded
E       - content-length: 295
_ ERROR at setup of TestAddRecommendedItemToCart.test_recommended_item_added_to_cart[chromium] _
[gw11] win32 -- Python 3.14.5 C:\Users\extre\PycharmProjects\pytest-demo\.venv\Scripts\python.exe
conftest.py:188: in live_account
    yield from _account_lifecycle(AeAccountClient(context=_ae_api_context, settings=settings))
conftest.py:174: in _account_lifecycle
    client.create_account(AeCreateAccountRequest.make(email=email, password=password))
ae_account\api\ae_account_client.py:28: in create_account
    self._post("/createAccount", form=payload.model_dump())
core\ae_base_client.py:36: in _post
    response = self._context.post(url, form=form or {})
               ^^^^^^^^^^^^^^^^^^^^^^^^^^^^^^^^^^^^^^^^
.venv\Lib\site-packages\playwright\sync_api\_generated.py:20868: in post
    self._sync(
.venv\Lib\site-packages\playwright\_impl\_fetch.py:287: in post
    return await self.fetch(
.venv\Lib\site-packages\playwright\_impl\_fetch.py:326: in fetch
    return await self._inner_fetch(
.venv\Lib\site-packages\playwright\_impl\_fetch.py:432: in _inner_fetch
    response = await self._channel.send(
.venv\Lib\site-packages\playwright\_impl\_connection.py:69: in send
    return await self._connection.wrap_api_call(
.venv\Lib\site-packages\playwright\_impl\_connection.py:559: in wrap_api_call
    raise rewrite_error(error, f"{parsed_st['apiName']}: {error}") from None
E   playwright._impl._errors.Error: APIRequestContext.post: read ECONNRESET
E   Call log:
E     - \u2192 POST https://automationexercise.com/api/createAccount
E       - user-agent: Playwright/1.60.0 (x64; windows 10.0) python/3.14
E       - accept: */*
E       - accept-encoding: gzip,deflate,br
E       - content-type: application/x-www-form-urlencoded
E       - content-length: 295
_ ERROR at setup of TestProductDetailPage.test_product_detail_page_shows_price[chromium] _
[gw2] win32 -- Python 3.14.5 C:\Users\extre\PycharmProjects\pytest-demo\.venv\Scripts\python.exe
conftest.py:188: in live_account
    yield from _account_lifecycle(AeAccountClient(context=_ae_api_context, settings=settings))
conftest.py:174: in _account_lifecycle
    client.create_account(AeCreateAccountRequest.make(email=email, password=password))
ae_account\api\ae_account_client.py:28: in create_account
    self._post("/createAccount", form=payload.model_dump())
core\ae_base_client.py:36: in _post
    response = self._context.post(url, form=form or {})
               ^^^^^^^^^^^^^^^^^^^^^^^^^^^^^^^^^^^^^^^^
.venv\Lib\site-packages\playwright\sync_api\_generated.py:20868: in post
    self._sync(
.venv\Lib\site-packages\playwright\_impl\_fetch.py:287: in post
    return await self.fetch(
.venv\Lib\site-packages\playwright\_impl\_fetch.py:326: in fetch
    return await self._inner_fetch(
.venv\Lib\site-packages\playwright\_impl\_fetch.py:432: in _inner_fetch
    response = await self._channel.send(
.venv\Lib\site-packages\playwright\_impl\_connection.py:69: in send
    return await self._connection.wrap_api_call(
.venv\Lib\site-packages\playwright\_impl\_connection.py:559: in wrap_api_call
    raise rewrite_error(error, f"{parsed_st['apiName']}: {error}") from None
E   playwright._impl._errors.Error: APIRequestContext.post: read ECONNRESET
E   Call log:
E     - \u2192 POST https://automationexercise.com/api/createAccount
E       - user-agent: Playwright/1.60.0 (x64; windows 10.0) python/3.14
E       - accept: */*
E       - accept-encoding: gzip,deflate,br
E       - content-type: application/x-www-form-urlencoded
E       - content-length: 295
_ ERROR at setup of TestProductDetailPage.test_product_detail_page_shows_category[chromium] _
[gw6] win32 -- Python 3.14.5 C:\Users\extre\PycharmProjects\pytest-demo\.venv\Scripts\python.exe
conftest.py:188: in live_account
    yield from _account_lifecycle(AeAccountClient(context=_ae_api_context, settings=settings))
conftest.py:174: in _account_lifecycle
    client.create_account(AeCreateAccountRequest.make(email=email, password=password))
ae_account\api\ae_account_client.py:28: in create_account
    self._post("/createAccount", form=payload.model_dump())
core\ae_base_client.py:36: in _post
    response = self._context.post(url, form=form or {})
               ^^^^^^^^^^^^^^^^^^^^^^^^^^^^^^^^^^^^^^^^
.venv\Lib\site-packages\playwright\sync_api\_generated.py:20868: in post
    self._sync(
.venv\Lib\site-packages\playwright\_impl\_fetch.py:287: in post
    return await self.fetch(
.venv\Lib\site-packages\playwright\_impl\_fetch.py:326: in fetch
    return await self._inner_fetch(
.venv\Lib\site-packages\playwright\_impl\_fetch.py:432: in _inner_fetch
    response = await self._channel.send(
.venv\Lib\site-packages\playwright\_impl\_connection.py:69: in send
    return await self._connection.wrap_api_call(
.venv\Lib\site-packages\playwright\_impl\_connection.py:559: in wrap_api_call
    raise rewrite_error(error, f"{parsed_st['apiName']}: {error}") from None
E   playwright._impl._errors.Error: APIRequestContext.post: read ECONNRESET
E   Call log:
E     - \u2192 POST https://automationexercise.com/api/createAccount
E       - user-agent: Playwright/1.60.0 (x64; windows 10.0) python/3.14
E       - accept: */*
E       - accept-encoding: gzip,deflate,br
E       - content-type: application/x-www-form-urlencoded
E       - content-length: 295
_ ERROR at setup of TestProductDetailPage.test_product_detail_page_shows_name[chromium] _
[gw10] win32 -- Python 3.14.5 C:\Users\extre\PycharmProjects\pytest-demo\.venv\Scripts\python.exe
conftest.py:188: in live_account
    yield from _account_lifecycle(AeAccountClient(context=_ae_api_context, settings=settings))
conftest.py:174: in _account_lifecycle
    client.create_account(AeCreateAccountRequest.make(email=email, password=password))
ae_account\api\ae_account_client.py:28: in create_account
    self._post("/createAccount", form=payload.model_dump())
core\ae_base_client.py:36: in _post
    response = self._context.post(url, form=form or {})
               ^^^^^^^^^^^^^^^^^^^^^^^^^^^^^^^^^^^^^^^^
.venv\Lib\site-packages\playwright\sync_api\_generated.py:20868: in post
    self._sync(
.venv\Lib\site-packages\playwright\_impl\_fetch.py:287: in post
    return await self.fetch(
.venv\Lib\site-packages\playwright\_impl\_fetch.py:326: in fetch
    return await self._inner_fetch(
.venv\Lib\site-packages\playwright\_impl\_fetch.py:432: in _inner_fetch
    response = await self._channel.send(
.venv\Lib\site-packages\playwright\_impl\_connection.py:69: in send
    return await self._connection.wrap_api_call(
.venv\Lib\site-packages\playwright\_impl\_connection.py:559: in wrap_api_call
    raise rewrite_error(error, f"{parsed_st['apiName']}: {error}") from None
E   playwright._impl._errors.Error: APIRequestContext.post: read ECONNRESET
E   Call log:
E     - \u2192 POST https://automationexercise.com/api/createAccount
E       - user-agent: Playwright/1.60.0 (x64; windows 10.0) python/3.14
E       - accept: */*
E       - accept-encoding: gzip,deflate,br
E       - content-type: application/x-www-form-urlencoded
E       - content-length: 295
_ ERROR at setup of TestProductDetailPage.test_product_detail_page_shows_availability[chromium] _
[gw0] win32 -- Python 3.14.5 C:\Users\extre\PycharmProjects\pytest-demo\.venv\Scripts\python.exe
conftest.py:188: in live_account
    yield from _account_lifecycle(AeAccountClient(context=_ae_api_context, settings=settings))
conftest.py:174: in _account_lifecycle
    client.create_account(AeCreateAccountRequest.make(email=email, password=password))
ae_account\api\ae_account_client.py:28: in create_account
    self._post("/createAccount", form=payload.model_dump())
core\ae_base_client.py:36: in _post
    response = self._context.post(url, form=form or {})
               ^^^^^^^^^^^^^^^^^^^^^^^^^^^^^^^^^^^^^^^^
.venv\Lib\site-packages\playwright\sync_api\_generated.py:20868: in post
    self._sync(
.venv\Lib\site-packages\playwright\_impl\_fetch.py:287: in post
    return await self.fetch(
.venv\Lib\site-packages\playwright\_impl\_fetch.py:326: in fetch
    return await self._inner_fetch(
.venv\Lib\site-packages\playwright\_impl\_fetch.py:432: in _inner_fetch
    response = await self._channel.send(
.venv\Lib\site-packages\playwright\_impl\_connection.py:69: in send
    return await self._connection.wrap_api_call(
.venv\Lib\site-packages\playwright\_impl\_connection.py:559: in wrap_api_call
    raise rewrite_error(error, f"{parsed_st['apiName']}: {error}") from None
E   playwright._impl._errors.Error: APIRequestContext.post: read ECONNRESET
E   Call log:
E     - \u2192 POST https://automationexercise.com/api/createAccount
E       - user-agent: Playwright/1.60.0 (x64; windows 10.0) python/3.14
E       - accept: */*
E       - accept-encoding: gzip,deflate,br
E       - content-type: application/x-www-form-urlencoded
E       - content-length: 295
_ ERROR at setup of TestProductDetailPage.test_view_product_link_navigates_to_detail[chromium] _
[gw5] win32 -- Python 3.14.5 C:\Users\extre\PycharmProjects\pytest-demo\.venv\Scripts\python.exe
conftest.py:188: in live_account
    yield from _account_lifecycle(AeAccountClient(context=_ae_api_context, settings=settings))
conftest.py:174: in _account_lifecycle
    client.create_account(AeCreateAccountRequest.make(email=email, password=password))
ae_account\api\ae_account_client.py:28: in create_account
    self._post("/createAccount", form=payload.model_dump())
core\ae_base_client.py:36: in _post
    response = self._context.post(url, form=form or {})
               ^^^^^^^^^^^^^^^^^^^^^^^^^^^^^^^^^^^^^^^^
.venv\Lib\site-packages\playwright\sync_api\_generated.py:20868: in post
    self._sync(
.venv\Lib\site-packages\playwright\_impl\_fetch.py:287: in post
    return await self.fetch(
.venv\Lib\site-packages\playwright\_impl\_fetch.py:326: in fetch
    return await self._inner_fetch(
.venv\Lib\site-packages\playwright\_impl\_fetch.py:432: in _inner_fetch
    response = await self._channel.send(
.venv\Lib\site-packages\playwright\_impl\_connection.py:69: in send
    return await self._connection.wrap_api_call(
.venv\Lib\site-packages\playwright\_impl\_connection.py:559: in wrap_api_call
    raise rewrite_error(error, f"{parsed_st['apiName']}: {error}") from None
E   playwright._impl._errors.Error: APIRequestContext.post: read ECONNRESET
E   Call log:
E     - \u2192 POST https://automationexercise.com/api/createAccount
E       - user-agent: Playwright/1.60.0 (x64; windows 10.0) python/3.14
E       - accept: */*
E       - accept-encoding: gzip,deflate,br
E       - content-type: application/x-www-form-urlencoded
E       - content-length: 295
_ ERROR at setup of TestProductDetailPage.test_product_detail_page_shows_brand[chromium] _
[gw4] win32 -- Python 3.14.5 C:\Users\extre\PycharmProjects\pytest-demo\.venv\Scripts\python.exe
conftest.py:188: in live_account
    yield from _account_lifecycle(AeAccountClient(context=_ae_api_context, settings=settings))
conftest.py:174: in _account_lifecycle
    client.create_account(AeCreateAccountRequest.make(email=email, password=password))
ae_account\api\ae_account_client.py:28: in create_account
    self._post("/createAccount", form=payload.model_dump())
core\ae_base_client.py:36: in _post
    response = self._context.post(url, form=form or {})
               ^^^^^^^^^^^^^^^^^^^^^^^^^^^^^^^^^^^^^^^^
.venv\Lib\site-packages\playwright\sync_api\_generated.py:20868: in post
    self._sync(
.venv\Lib\site-packages\playwright\_impl\_fetch.py:287: in post
    return await self.fetch(
.venv\Lib\site-packages\playwright\_impl\_fetch.py:326: in fetch
    return await self._inner_fetch(
.venv\Lib\site-packages\playwright\_impl\_fetch.py:432: in _inner_fetch
    response = await self._channel.send(
.venv\Lib\site-packages\playwright\_impl\_connection.py:69: in send
    return await self._connection.wrap_api_call(
.venv\Lib\site-packages\playwright\_impl\_connection.py:559: in wrap_api_call
    raise rewrite_error(error, f"{parsed_st['apiName']}: {error}") from None
E   playwright._impl._errors.Error: APIRequestContext.post: read ECONNRESET
E   Call log:
E     - \u2192 POST https://automationexercise.com/api/createAccount
E       - user-agent: Playwright/1.60.0 (x64; windows 10.0) python/3.14
E       - accept: */*
E       - accept-encoding: gzip,deflate,br
E       - content-type: application/x-www-form-urlencoded
E       - content-length: 295
____ ERROR at setup of TestProductPage.test_products_are_listed[chromium] _____
[gw2] win32 -- Python 3.14.5 C:\Users\extre\PycharmProjects\pytest-demo\.venv\Scripts\python.exe
conftest.py:188: in live_account
    yield from _account_lifecycle(AeAccountClient(context=_ae_api_context, settings=settings))
conftest.py:174: in _account_lifecycle
    client.create_account(AeCreateAccountRequest.make(email=email, password=password))
ae_account\api\ae_account_client.py:28: in create_account
    self._post("/createAccount", form=payload.model_dump())
core\ae_base_client.py:36: in _post
    response = self._context.post(url, form=form or {})
               ^^^^^^^^^^^^^^^^^^^^^^^^^^^^^^^^^^^^^^^^
.venv\Lib\site-packages\playwright\sync_api\_generated.py:20868: in post
    self._sync(
.venv\Lib\site-packages\playwright\_impl\_fetch.py:287: in post
    return await self.fetch(
.venv\Lib\site-packages\playwright\_impl\_fetch.py:326: in fetch
    return await self._inner_fetch(
.venv\Lib\site-packages\playwright\_impl\_fetch.py:432: in _inner_fetch
    response = await self._channel.send(
.venv\Lib\site-packages\playwright\_impl\_connection.py:69: in send
    return await self._connection.wrap_api_call(
.venv\Lib\site-packages\playwright\_impl\_connection.py:559: in wrap_api_call
    raise rewrite_error(error, f"{parsed_st['apiName']}: {error}") from None
E   playwright._impl._errors.Error: APIRequestContext.post: read ECONNRESET
E   Call log:
E     - \u2192 POST https://automationexercise.com/api/createAccount
E       - user-agent: Playwright/1.60.0 (x64; windows 10.0) python/3.14
E       - accept: */*
E       - accept-encoding: gzip,deflate,br
E       - content-type: application/x-www-form-urlencoded
E       - content-length: 295
_________ ERROR at setup of TestProductPage.test_page_loads[chromium] _________
[gw13] win32 -- Python 3.14.5 C:\Users\extre\PycharmProjects\pytest-demo\.venv\Scripts\python.exe
conftest.py:188: in live_account
    yield from _account_lifecycle(AeAccountClient(context=_ae_api_context, settings=settings))
conftest.py:174: in _account_lifecycle
    client.create_account(AeCreateAccountRequest.make(email=email, password=password))
ae_account\api\ae_account_client.py:28: in create_account
    self._post("/createAccount", form=payload.model_dump())
core\ae_base_client.py:36: in _post
    response = self._context.post(url, form=form or {})
               ^^^^^^^^^^^^^^^^^^^^^^^^^^^^^^^^^^^^^^^^
.venv\Lib\site-packages\playwright\sync_api\_generated.py:20868: in post
    self._sync(
.venv\Lib\site-packages\playwright\_impl\_fetch.py:287: in post
    return await self.fetch(
.venv\Lib\site-packages\playwright\_impl\_fetch.py:326: in fetch
    return await self._inner_fetch(
.venv\Lib\site-packages\playwright\_impl\_fetch.py:432: in _inner_fetch
    response = await self._channel.send(
.venv\Lib\site-packages\playwright\_impl\_connection.py:69: in send
    return await self._connection.wrap_api_call(
.venv\Lib\site-packages\playwright\_impl\_connection.py:559: in wrap_api_call
    raise rewrite_error(error, f"{parsed_st['apiName']}: {error}") from None
E   playwright._impl._errors.Error: APIRequestContext.post: read ECONNRESET
E   Call log:
E     - \u2192 POST https://automationexercise.com/api/createAccount
E       - user-agent: Playwright/1.60.0 (x64; windows 10.0) python/3.14
E       - accept: */*
E       - accept-encoding: gzip,deflate,br
E       - content-type: application/x-www-form-urlencoded
E       - content-length: 295
__ ERROR at setup of TestProductSearch.test_search_returns_results[chromium] __
[gw6] win32 -- Python 3.14.5 C:\Users\extre\PycharmProjects\pytest-demo\.venv\Scripts\python.exe
conftest.py:188: in live_account
    yield from _account_lifecycle(AeAccountClient(context=_ae_api_context, settings=settings))
conftest.py:174: in _account_lifecycle
    client.create_account(AeCreateAccountRequest.make(email=email, password=password))
ae_account\api\ae_account_client.py:28: in create_account
    self._post("/createAccount", form=payload.model_dump())
core\ae_base_client.py:36: in _post
    response = self._context.post(url, form=form or {})
               ^^^^^^^^^^^^^^^^^^^^^^^^^^^^^^^^^^^^^^^^
.venv\Lib\site-packages\playwright\sync_api\_generated.py:20868: in post
    self._sync(
.venv\Lib\site-packages\playwright\_impl\_fetch.py:287: in post
    return await self.fetch(
.venv\Lib\site-packages\playwright\_impl\_fetch.py:326: in fetch
    return await self._inner_fetch(
.venv\Lib\site-packages\playwright\_impl\_fetch.py:432: in _inner_fetch
    response = await self._channel.send(
.venv\Lib\site-packages\playwright\_impl\_connection.py:69: in send
    return await self._connection.wrap_api_call(
.venv\Lib\site-packages\playwright\_impl\_connection.py:559: in wrap_api_call
    raise rewrite_error(error, f"{parsed_st['apiName']}: {error}") from None
E   playwright._impl._errors.Error: APIRequestContext.post: read ECONNRESET
E   Call log:
E     - \u2192 POST https://automationexercise.com/api/createAccount
E       - user-agent: Playwright/1.60.0 (x64; windows 10.0) python/3.14
E       - accept: */*
E       - accept-encoding: gzip,deflate,br
E       - content-type: application/x-www-form-urlencoded
E       - content-length: 295
_ ERROR at setup of TestSubscriptionOnHomePage.test_subscription_success_shown[chromium] _
[gw0] win32 -- Python 3.14.5 C:\Users\extre\PycharmProjects\pytest-demo\.venv\Scripts\python.exe
conftest.py:188: in live_account
    yield from _account_lifecycle(AeAccountClient(context=_ae_api_context, settings=settings))
conftest.py:174: in _account_lifecycle
    client.create_account(AeCreateAccountRequest.make(email=email, password=password))
ae_account\api\ae_account_client.py:28: in create_account
    self._post("/createAccount", form=payload.model_dump())
core\ae_base_client.py:36: in _post
    response = self._context.post(url, form=form or {})
               ^^^^^^^^^^^^^^^^^^^^^^^^^^^^^^^^^^^^^^^^
.venv\Lib\site-packages\playwright\sync_api\_generated.py:20868: in post
    self._sync(
.venv\Lib\site-packages\playwright\_impl\_fetch.py:287: in post
    return await self.fetch(
.venv\Lib\site-packages\playwright\_impl\_fetch.py:326: in fetch
    return await self._inner_fetch(
.venv\Lib\site-packages\playwright\_impl\_fetch.py:432: in _inner_fetch
    response = await self._channel.send(
.venv\Lib\site-packages\playwright\_impl\_connection.py:69: in send
    return await self._connection.wrap_api_call(
.venv\Lib\site-packages\playwright\_impl\_connection.py:559: in wrap_api_call
    raise rewrite_error(error, f"{parsed_st['apiName']}: {error}") from None
E   playwright._impl._errors.Error: APIRequestContext.post: read ECONNRESET
E   Call log:
E     - \u2192 POST https://automationexercise.com/api/createAccount
E       - user-agent: Playwright/1.60.0 (x64; windows 10.0) python/3.14
E       - accept: */*
E       - accept-encoding: gzip,deflate,br
E       - content-type: application/x-www-form-urlencoded
E       - content-length: 295
_ ERROR at setup of TestSubscriptionOnCartPage.test_subscription_success_on_cart[chromium] _
[gw4] win32 -- Python 3.14.5 C:\Users\extre\PycharmProjects\pytest-demo\.venv\Scripts\python.exe
conftest.py:188: in live_account
    yield from _account_lifecycle(AeAccountClient(context=_ae_api_context, settings=settings))
conftest.py:174: in _account_lifecycle
    client.create_account(AeCreateAccountRequest.make(email=email, password=password))
ae_account\api\ae_account_client.py:28: in create_account
    self._post("/createAccount", form=payload.model_dump())
core\ae_base_client.py:36: in _post
    response = self._context.post(url, form=form or {})
               ^^^^^^^^^^^^^^^^^^^^^^^^^^^^^^^^^^^^^^^^
.venv\Lib\site-packages\playwright\sync_api\_generated.py:20868: in post
    self._sync(
.venv\Lib\site-packages\playwright\_impl\_fetch.py:287: in post
    return await self.fetch(
.venv\Lib\site-packages\playwright\_impl\_fetch.py:326: in fetch
    return await self._inner_fetch(
.venv\Lib\site-packages\playwright\_impl\_fetch.py:432: in _inner_fetch
    response = await self._channel.send(
.venv\Lib\site-packages\playwright\_impl\_connection.py:69: in send
    return await self._connection.wrap_api_call(
.venv\Lib\site-packages\playwright\_impl\_connection.py:559: in wrap_api_call
    raise rewrite_error(error, f"{parsed_st['apiName']}: {error}") from None
E   playwright._impl._errors.Error: APIRequestContext.post: read ECONNRESET
E   Call log:
E     - \u2192 POST https://automationexercise.com/api/createAccount
E       - user-agent: Playwright/1.60.0 (x64; windows 10.0) python/3.14
E       - accept: */*
E       - accept-encoding: gzip,deflate,br
E       - content-type: application/x-www-form-urlencoded
E       - content-length: 295
_ ERROR at setup of TestPlaceOrderRegisterBeforeCheckout.test_order_placed_successfully[chromium] _
[gw9] win32 -- Python 3.14.5 C:\Users\extre\PycharmProjects\pytest-demo\.venv\Scripts\python.exe
tests\checkout\conftest.py:18: in registered_page
    AeAccountClient(api_context, settings).create_account(
ae_account\api\ae_account_client.py:28: in create_account
    self._post("/createAccount", form=payload.model_dump())
core\ae_base_client.py:36: in _post
    response = self._context.post(url, form=form or {})
               ^^^^^^^^^^^^^^^^^^^^^^^^^^^^^^^^^^^^^^^^
.venv\Lib\site-packages\playwright\sync_api\_generated.py:20868: in post
    self._sync(
.venv\Lib\site-packages\playwright\_impl\_fetch.py:287: in post
    return await self.fetch(
.venv\Lib\site-packages\playwright\_impl\_fetch.py:326: in fetch
    return await self._inner_fetch(
.venv\Lib\site-packages\playwright\_impl\_fetch.py:432: in _inner_fetch
    response = await self._channel.send(
.venv\Lib\site-packages\playwright\_impl\_connection.py:69: in send
    return await self._connection.wrap_api_call(
.venv\Lib\site-packages\playwright\_impl\_connection.py:559: in wrap_api_call
    raise rewrite_error(error, f"{parsed_st['apiName']}: {error}") from None
E   playwright._impl._errors.TimeoutError: APIRequestContext.post: Timeout 10000ms exceeded.
E   Call log:
E     - \u2192 POST https://automationexercise.com/api/createAccount
E       - user-agent: Playwright/1.60.0 (x64; windows 10.0) python/3.14
E       - accept: */*
E       - accept-encoding: gzip,deflate,br
E       - content-type: application/x-www-form-urlencoded
E       - content-length: 297
----------------------------- Captured log setup ------------------------------
2026-06-14 20:54:09 [35mDEBUG   [0m ae_account.api.ae_account_client: POST https://automationexercise.com/api/createAccount
_ ERROR at setup of TestVerifyAddressAtCheckout.test_delivery_address_is_not_empty[chromium] _
[gw12] win32 -- Python 3.14.5 C:\Users\extre\PycharmProjects\pytest-demo\.venv\Scripts\python.exe
tests\checkout\conftest.py:18: in registered_page
    AeAccountClient(api_context, settings).create_account(
ae_account\api\ae_account_client.py:28: in create_account
    self._post("/createAccount", form=payload.model_dump())
core\ae_base_client.py:36: in _post
    response = self._context.post(url, form=form or {})
               ^^^^^^^^^^^^^^^^^^^^^^^^^^^^^^^^^^^^^^^^
.venv\Lib\site-packages\playwright\sync_api\_generated.py:20868: in post
    self._sync(
.venv\Lib\site-packages\playwright\_impl\_fetch.py:287: in post
    return await self.fetch(
.venv\Lib\site-packages\playwright\_impl\_fetch.py:326: in fetch
    return await self._inner_fetch(
.venv\Lib\site-packages\playwright\_impl\_fetch.py:432: in _inner_fetch
    response = await self._channel.send(
.venv\Lib\site-packages\playwright\_impl\_connection.py:69: in send
    return await self._connection.wrap_api_call(
.venv\Lib\site-packages\playwright\_impl\_connection.py:559: in wrap_api_call
    raise rewrite_error(error, f"{parsed_st['apiName']}: {error}") from None
E   playwright._impl._errors.TimeoutError: APIRequestContext.post: Timeout 10000ms exceeded.
E   Call log:
E     - \u2192 POST https://automationexercise.com/api/createAccount
E       - user-agent: Playwright/1.60.0 (x64; windows 10.0) python/3.14
E       - accept: */*
E       - accept-encoding: gzip,deflate,br
E       - content-type: application/x-www-form-urlencoded
E       - content-length: 297
----------------------------- Captured log setup ------------------------------
2026-06-14 20:54:09 [35mDEBUG   [0m ae_account.api.ae_account_client: POST https://automationexercise.com/api/createAccount
_ ERROR at setup of TestDownloadInvoice.test_invoice_file_is_downloaded[chromium] _
[gw1] win32 -- Python 3.14.5 C:\Users\extre\PycharmProjects\pytest-demo\.venv\Scripts\python.exe
tests\checkout\conftest.py:18: in registered_page
    AeAccountClient(api_context, settings).create_account(
ae_account\api\ae_account_client.py:28: in create_account
    self._post("/createAccount", form=payload.model_dump())
core\ae_base_client.py:36: in _post
    response = self._context.post(url, form=form or {})
               ^^^^^^^^^^^^^^^^^^^^^^^^^^^^^^^^^^^^^^^^
.venv\Lib\site-packages\playwright\sync_api\_generated.py:20868: in post
    self._sync(
.venv\Lib\site-packages\playwright\_impl\_fetch.py:287: in post
    return await self.fetch(
.venv\Lib\site-packages\playwright\_impl\_fetch.py:326: in fetch
    return await self._inner_fetch(
.venv\Lib\site-packages\playwright\_impl\_fetch.py:432: in _inner_fetch
    response = await self._channel.send(
.venv\Lib\site-packages\playwright\_impl\_connection.py:69: in send
    return await self._connection.wrap_api_call(
.venv\Lib\site-packages\playwright\_impl\_connection.py:559: in wrap_api_call
    raise rewrite_error(error, f"{parsed_st['apiName']}: {error}") from None
E   playwright._impl._errors.TimeoutError: APIRequestContext.post: Timeout 10000ms exceeded.
E   Call log:
E     - \u2192 POST https://automationexercise.com/api/createAccount
E       - user-agent: Playwright/1.60.0 (x64; windows 10.0) python/3.14
E       - accept: */*
E       - accept-encoding: gzip,deflate,br
E       - content-type: application/x-www-form-urlencoded
E       - content-length: 297
----------------------------- Captured log setup ------------------------------
2026-06-14 20:54:09 [35mDEBUG   [0m ae_account.api.ae_account_client: POST https://automationexercise.com/api/createAccount
____ ERROR at setup of TestLogout.test_logout_redirects_to_login[chromium] ____
[gw2] win32 -- Python 3.14.5 C:\Users\extre\PycharmProjects\pytest-demo\.venv\Scripts\python.exe
conftest.py:188: in live_account
    yield from _account_lifecycle(AeAccountClient(context=_ae_api_context, settings=settings))
conftest.py:174: in _account_lifecycle
    client.create_account(AeCreateAccountRequest.make(email=email, password=password))
ae_account\api\ae_account_client.py:28: in create_account
    self._post("/createAccount", form=payload.model_dump())
core\ae_base_client.py:36: in _post
    response = self._context.post(url, form=form or {})
               ^^^^^^^^^^^^^^^^^^^^^^^^^^^^^^^^^^^^^^^^
.venv\Lib\site-packages\playwright\sync_api\_generated.py:20868: in post
    self._sync(
.venv\Lib\site-packages\playwright\_impl\_fetch.py:287: in post
    return await self.fetch(
.venv\Lib\site-packages\playwright\_impl\_fetch.py:326: in fetch
    return await self._inner_fetch(
.venv\Lib\site-packages\playwright\_impl\_fetch.py:432: in _inner_fetch
    response = await self._channel.send(
.venv\Lib\site-packages\playwright\_impl\_connection.py:69: in send
    return await self._connection.wrap_api_call(
.venv\Lib\site-packages\playwright\_impl\_connection.py:559: in wrap_api_call
    raise rewrite_error(error, f"{parsed_st['apiName']}: {error}") from None
E   playwright._impl._errors.Error: APIRequestContext.post: read ECONNRESET
E   Call log:
E     - \u2192 POST https://automationexercise.com/api/createAccount
E       - user-agent: Playwright/1.60.0 (x64; windows 10.0) python/3.14
E       - accept: */*
E       - accept-encoding: gzip,deflate,br
E       - content-type: application/x-www-form-urlencoded
E       - content-length: 295
_ ERROR at setup of TestSearchAndVerifyCartAfterLogin.test_cart_products_persist_after_login[chromium] _
[gw9] win32 -- Python 3.14.5 C:\Users\extre\PycharmProjects\pytest-demo\.venv\Scripts\python.exe
conftest.py:188: in live_account
    yield from _account_lifecycle(AeAccountClient(context=_ae_api_context, settings=settings))
conftest.py:174: in _account_lifecycle
    client.create_account(AeCreateAccountRequest.make(email=email, password=password))
ae_account\api\ae_account_client.py:28: in create_account
    self._post("/createAccount", form=payload.model_dump())
core\ae_base_client.py:36: in _post
    response = self._context.post(url, form=form or {})
               ^^^^^^^^^^^^^^^^^^^^^^^^^^^^^^^^^^^^^^^^
.venv\Lib\site-packages\playwright\sync_api\_generated.py:20868: in post
    self._sync(
.venv\Lib\site-packages\playwright\_impl\_fetch.py:287: in post
    return await self.fetch(
.venv\Lib\site-packages\playwright\_impl\_fetch.py:326: in fetch
    return await self._inner_fetch(
.venv\Lib\site-packages\playwright\_impl\_fetch.py:432: in _inner_fetch
    response = await self._channel.send(
.venv\Lib\site-packages\playwright\_impl\_connection.py:69: in send
    return await self._connection.wrap_api_call(
.venv\Lib\site-packages\playwright\_impl\_connection.py:559: in wrap_api_call
    raise rewrite_error(error, f"{parsed_st['apiName']}: {error}") from None
E   playwright._impl._errors.TimeoutError: APIRequestContext.post: Timeout 10000ms exceeded.
E   Call log:
E     - \u2192 POST https://automationexercise.com/api/createAccount
E       - user-agent: Playwright/1.60.0 (x64; windows 10.0) python/3.14
E       - accept: */*
E       - accept-encoding: gzip,deflate,br
E       - content-type: application/x-www-form-urlencoded
E       - content-length: 295
----------------------------- Captured log setup ------------------------------
2026-06-14 20:54:30 [35mDEBUG   [0m ae_account.api.ae_account_client: POST https://automationexercise.com/api/createAccount
_ ERROR at setup of TestViewCategoryProducts.test_women_tops_category_shows_products[chromium] _
[gw12] win32 -- Python 3.14.5 C:\Users\extre\PycharmProjects\pytest-demo\.venv\Scripts\python.exe
conftest.py:188: in live_account
    yield from _account_lifecycle(AeAccountClient(context=_ae_api_context, settings=settings))
conftest.py:174: in _account_lifecycle
    client.create_account(AeCreateAccountRequest.make(email=email, password=password))
ae_account\api\ae_account_client.py:28: in create_account
    self._post("/createAccount", form=payload.model_dump())
core\ae_base_client.py:36: in _post
    response = self._context.post(url, form=form or {})
               ^^^^^^^^^^^^^^^^^^^^^^^^^^^^^^^^^^^^^^^^
.venv\Lib\site-packages\playwright\sync_api\_generated.py:20868: in post
    self._sync(
.venv\Lib\site-packages\playwright\_impl\_fetch.py:287: in post
    return await self.fetch(
.venv\Lib\site-packages\playwright\_impl\_fetch.py:326: in fetch
    return await self._inner_fetch(
.venv\Lib\site-packages\playwright\_impl\_fetch.py:432: in _inner_fetch
    response = await self._channel.send(
.venv\Lib\site-packages\playwright\_impl\_connection.py:69: in send
    return await self._connection.wrap_api_call(
.venv\Lib\site-packages\playwright\_impl\_connection.py:559: in wrap_api_call
    raise rewrite_error(error, f"{parsed_st['apiName']}: {error}") from None
E   playwright._impl._errors.TimeoutError: APIRequestContext.post: Timeout 10000ms exceeded.
E   Call log:
E     - \u2192 POST https://automationexercise.com/api/createAccount
E       - user-agent: Playwright/1.60.0 (x64; windows 10.0) python/3.14
E       - accept: */*
E       - accept-encoding: gzip,deflate,br
E       - content-type: application/x-www-form-urlencoded
E       - content-length: 295
----------------------------- Captured log setup ------------------------------
2026-06-14 20:54:30 [35mDEBUG   [0m ae_account.api.ae_account_client: POST https://automationexercise.com/api/createAccount
_ ERROR at setup of TestViewBrandProducts.test_polo_brand_page_shows_products[chromium] _
[gw1] win32 -- Python 3.14.5 C:\Users\extre\PycharmProjects\pytest-demo\.venv\Scripts\python.exe
conftest.py:188: in live_account
    yield from _account_lifecycle(AeAccountClient(context=_ae_api_context, settings=settings))
conftest.py:174: in _account_lifecycle
    client.create_account(AeCreateAccountRequest.make(email=email, password=password))
ae_account\api\ae_account_client.py:28: in create_account
    self._post("/createAccount", form=payload.model_dump())
core\ae_base_client.py:36: in _post
    response = self._context.post(url, form=form or {})
               ^^^^^^^^^^^^^^^^^^^^^^^^^^^^^^^^^^^^^^^^
.venv\Lib\site-packages\playwright\sync_api\_generated.py:20868: in post
    self._sync(
.venv\Lib\site-packages\playwright\_impl\_fetch.py:287: in post
    return await self.fetch(
.venv\Lib\site-packages\playwright\_impl\_fetch.py:326: in fetch
    return await self._inner_fetch(
.venv\Lib\site-packages\playwright\_impl\_fetch.py:432: in _inner_fetch
    response = await self._channel.send(
.venv\Lib\site-packages\playwright\_impl\_connection.py:69: in send
    return await self._connection.wrap_api_call(
.venv\Lib\site-packages\playwright\_impl\_connection.py:559: in wrap_api_call
    raise rewrite_error(error, f"{parsed_st['apiName']}: {error}") from None
E   playwright._impl._errors.TimeoutError: APIRequestContext.post: Timeout 10000ms exceeded.
E   Call log:
E     - \u2192 POST https://automationexercise.com/api/createAccount
E       - user-agent: Playwright/1.60.0 (x64; windows 10.0) python/3.14
E       - accept: */*
E       - accept-encoding: gzip,deflate,br
E       - content-type: application/x-www-form-urlencoded
E       - content-length: 295
----------------------------- Captured log setup ------------------------------
2026-06-14 20:54:30 [35mDEBUG   [0m ae_account.api.ae_account_client: POST https://automationexercise.com/api/createAccount
_ ERROR at setup of TestLoginPage.test_valid_credentials_redirect_away_from_login[chromium] _
[gw11] win32 -- Python 3.14.5 C:\Users\extre\PycharmProjects\pytest-demo\.venv\Scripts\python.exe
conftest.py:188: in live_account
    yield from _account_lifecycle(AeAccountClient(context=_ae_api_context, settings=settings))
conftest.py:174: in _account_lifecycle
    client.create_account(AeCreateAccountRequest.make(email=email, password=password))
ae_account\api\ae_account_client.py:28: in create_account
    self._post("/createAccount", form=payload.model_dump())
core\ae_base_client.py:36: in _post
    response = self._context.post(url, form=form or {})
               ^^^^^^^^^^^^^^^^^^^^^^^^^^^^^^^^^^^^^^^^
.venv\Lib\site-packages\playwright\sync_api\_generated.py:20868: in post
    self._sync(
.venv\Lib\site-packages\playwright\_impl\_fetch.py:287: in post
    return await self.fetch(
.venv\Lib\site-packages\playwright\_impl\_fetch.py:326: in fetch
    return await self._inner_fetch(
.venv\Lib\site-packages\playwright\_impl\_fetch.py:432: in _inner_fetch
    response = await self._channel.send(
.venv\Lib\site-packages\playwright\_impl\_connection.py:69: in send
    return await self._connection.wrap_api_call(
.venv\Lib\site-packages\playwright\_impl\_connection.py:559: in wrap_api_call
    raise rewrite_error(error, f"{parsed_st['apiName']}: {error}") from None
E   playwright._impl._errors.Error: APIRequestContext.post: read ECONNRESET
E   Call log:
E     - \u2192 POST https://automationexercise.com/api/createAccount
E       - user-agent: Playwright/1.60.0 (x64; windows 10.0) python/3.14
E       - accept: */*
E       - accept-encoding: gzip,deflate,br
E       - content-type: application/x-www-form-urlencoded
E       - content-length: 295
_ ERROR at setup of TestRegisterWithExistingEmail.test_existing_email_shows_error[chromium] _
[gw10] win32 -- Python 3.14.5 C:\Users\extre\PycharmProjects\pytest-demo\.venv\Scripts\python.exe
conftest.py:188: in live_account
    yield from _account_lifecycle(AeAccountClient(context=_ae_api_context, settings=settings))
conftest.py:174: in _account_lifecycle
    client.create_account(AeCreateAccountRequest.make(email=email, password=password))
ae_account\api\ae_account_client.py:28: in create_account
    self._post("/createAccount", form=payload.model_dump())
core\ae_base_client.py:36: in _post
    response = self._context.post(url, form=form or {})
               ^^^^^^^^^^^^^^^^^^^^^^^^^^^^^^^^^^^^^^^^
.venv\Lib\site-packages\playwright\sync_api\_generated.py:20868: in post
    self._sync(
.venv\Lib\site-packages\playwright\_impl\_fetch.py:287: in post
    return await self.fetch(
.venv\Lib\site-packages\playwright\_impl\_fetch.py:326: in fetch
    return await self._inner_fetch(
.venv\Lib\site-packages\playwright\_impl\_fetch.py:432: in _inner_fetch
    response = await self._channel.send(
.venv\Lib\site-packages\playwright\_impl\_connection.py:69: in send
    return await self._connection.wrap_api_call(
.venv\Lib\site-packages\playwright\_impl\_connection.py:559: in wrap_api_call
    raise rewrite_error(error, f"{parsed_st['apiName']}: {error}") from None
E   playwright._impl._errors.Error: APIRequestContext.post: read ECONNRESET
E   Call log:
E     - \u2192 POST https://automationexercise.com/api/createAccount
E       - user-agent: Playwright/1.60.0 (x64; windows 10.0) python/3.14
E       - accept: */*
E       - accept-encoding: gzip,deflate,br
E       - content-type: application/x-www-form-urlencoded
E       - content-length: 295
_ ERROR at setup of TestViewCategoryProducts.test_men_tshirts_category_shows_products[chromium] _
[gw8] win32 -- Python 3.14.5 C:\Users\extre\PycharmProjects\pytest-demo\.venv\Scripts\python.exe
conftest.py:188: in live_account
    yield from _account_lifecycle(AeAccountClient(context=_ae_api_context, settings=settings))
conftest.py:174: in _account_lifecycle
    client.create_account(AeCreateAccountRequest.make(email=email, password=password))
ae_account\api\ae_account_client.py:28: in create_account
    self._post("/createAccount", form=payload.model_dump())
core\ae_base_client.py:36: in _post
    response = self._context.post(url, form=form or {})
               ^^^^^^^^^^^^^^^^^^^^^^^^^^^^^^^^^^^^^^^^
.venv\Lib\site-packages\playwright\sync_api\_generated.py:20868: in post
    self._sync(
.venv\Lib\site-packages\playwright\_impl\_fetch.py:287: in post
    return await self.fetch(
.venv\Lib\site-packages\playwright\_impl\_fetch.py:326: in fetch
    return await self._inner_fetch(
.venv\Lib\site-packages\playwright\_impl\_fetch.py:432: in _inner_fetch
    response = await self._channel.send(
.venv\Lib\site-packages\playwright\_impl\_connection.py:69: in send
    return await self._connection.wrap_api_call(
.venv\Lib\site-packages\playwright\_impl\_connection.py:559: in wrap_api_call
    raise rewrite_error(error, f"{parsed_st['apiName']}: {error}") from None
E   playwright._impl._errors.TimeoutError: APIRequestContext.post: Timeout 10000ms exceeded.
E   Call log:
E     - \u2192 POST https://automationexercise.com/api/createAccount
E       - user-agent: Playwright/1.60.0 (x64; windows 10.0) python/3.14
E       - accept: */*
E       - accept-encoding: gzip,deflate,br
E       - content-type: application/x-www-form-urlencoded
E       - content-length: 295
----------------------------- Captured log setup ------------------------------
2026-06-14 20:55:45 [35mDEBUG   [0m ae_account.api.ae_account_client: POST https://automationexercise.com/api/createAccount
================================== FAILURES ===================================
_______________ TestGetUserDetail.test_user_has_required_fields _______________
[gw7] win32 -- Python 3.14.5 C:\Users\extre\PycharmProjects\pytest-demo\.venv\Scripts\python.exe
tests\ae_account\test_ae_account_api.py:195: in test_user_has_required_fields
    response = ae_account_client.get_user_detail(email=settings.ae_username)
               ^^^^^^^^^^^^^^^^^^^^^^^^^^^^^^^^^^^^^^^^^^^^^^^^^^^^^^^^^^^^^
ae_account\api\ae_account_client.py:46: in get_user_detail
    self._get("/getUserDetailByEmail", params={"email": email})
core\ae_base_client.py:29: in _get
    response = self._context.get(url, params=params)
               ^^^^^^^^^^^^^^^^^^^^^^^^^^^^^^^^^^^^^
.venv\Lib\site-packages\playwright\sync_api\_generated.py:20567: in get
    self._sync(
.venv\Lib\site-packages\playwright\_impl\_fetch.py:200: in get
    return await self.fetch(
.venv\Lib\site-packages\playwright\_impl\_fetch.py:326: in fetch
    return await self._inner_fetch(
.venv\Lib\site-packages\playwright\_impl\_fetch.py:432: in _inner_fetch
    response = await self._channel.send(
.venv\Lib\site-packages\playwright\_impl\_connection.py:69: in send
    return await self._connection.wrap_api_call(
.venv\Lib\site-packages\playwright\_impl\_connection.py:559: in wrap_api_call
    raise rewrite_error(error, f"{parsed_st['apiName']}: {error}") from None
E   playwright._impl._errors.TimeoutError: APIRequestContext.get: Timeout 10000ms exceeded.
E   Call log:
E     - \u2192 GET https://automationexercise.com/api/getUserDetailByEmail?email=123432323%40pytest.com
E       - user-agent: Playwright/1.60.0 (x64; windows 10.0) python/3.14
E       - accept: */*
E       - accept-encoding: gzip,deflate,br
----------------------------- Captured log setup ------------------------------
2026-06-14 20:53:42 [35mDEBUG   [0m asyncio: Using proactor: IocpProactor
------------------------------ Captured log call ------------------------------
2026-06-14 20:53:43 [35mDEBUG   [0m ae_account.api.ae_account_client: GET https://automationexercise.com/api/getUserDetailByEmail
_______________ TestCreateAccount.test_returns_201_user_created _______________
[gw3] win32 -- Python 3.14.5 C:\Users\extre\PycharmProjects\pytest-demo\.venv\Scripts\python.exe
tests\ae_account\test_ae_account_api.py:101: in test_returns_201_user_created
    response = ae_account_client.create_account(payload)
               ^^^^^^^^^^^^^^^^^^^^^^^^^^^^^^^^^^^^^^^^^
ae_account\api\ae_account_client.py:28: in create_account
    self._post("/createAccount", form=payload.model_dump())
core\ae_base_client.py:36: in _post
    response = self._context.post(url, form=form or {})
               ^^^^^^^^^^^^^^^^^^^^^^^^^^^^^^^^^^^^^^^^
.venv\Lib\site-packages\playwright\sync_api\_generated.py:20868: in post
    self._sync(
.venv\Lib\site-packages\playwright\_impl\_fetch.py:287: in post
    return await self.fetch(
.venv\Lib\site-packages\playwright\_impl\_fetch.py:326: in fetch
    return await self._inner_fetch(
.venv\Lib\site-packages\playwright\_impl\_fetch.py:432: in _inner_fetch
    response = await self._channel.send(
.venv\Lib\site-packages\playwright\_impl\_connection.py:69: in send
    return await self._connection.wrap_api_call(
.venv\Lib\site-packages\playwright\_impl\_connection.py:559: in wrap_api_call
    raise rewrite_error(error, f"{parsed_st['apiName']}: {error}") from None
E   playwright._impl._errors.TimeoutError: APIRequestContext.post: Timeout 10000ms exceeded.
E   Call log:
E     - \u2192 POST https://automationexercise.com/api/createAccount
E       - user-agent: Playwright/1.60.0 (x64; windows 10.0) python/3.14
E       - accept: */*
E       - accept-encoding: gzip,deflate,br
E       - content-type: application/x-www-form-urlencoded
E       - content-length: 297
----------------------------- Captured log setup ------------------------------
2026-06-14 20:53:42 [35mDEBUG   [0m asyncio: Using proactor: IocpProactor
------------------------------ Captured log call ------------------------------
2026-06-14 20:53:43 [35mDEBUG   [0m ae_account.api.ae_account_client: POST https://automationexercise.com/api/createAccount
---------------------------- Captured log teardown ----------------------------
2026-06-14 20:53:53 \x1b[35mDEBUG   \x1b[0m ae_account.api.ae_account_client: DELETE https://automationexercise.com/api/deleteAccount\n2026-06-14 20:54:03 \x1b[33mWARNING \x1b[0m conftest: Account deletion failed for pytest_45bdcfe5@test.com: APIRequestContext.delete: Timeout 10000ms exceeded.\nCall log:\n  - \u2192 DELETE https://automationexercise.com/api/deleteAccount\n    - user-agent: Playwright/1.60.0 (x64; windows 10.0) python/3.14\n    - accept: */*\n    - accept-encoding: gzip,deflate,br\n    - content-type: application/x-www-form-urlencoded\n    - content-length: 53
________ TestPostToProductsList.test_returns_405_method_not_supported _________
[gw9] win32 -- Python 3.14.5 C:\Users\extre\PycharmProjects\pytest-demo\.venv\Scripts\python.exe
tests\ae_products\test_ae_products_api.py:38: in test_returns_405_method_not_supported
    response = ae_products_client.post_to_products_list()
               ^^^^^^^^^^^^^^^^^^^^^^^^^^^^^^^^^^^^^^^^^^
ae_products\api\ae_products_client.py:15: in post_to_products_list
    return AeMessageResponse.model_validate(self._post("/productsList"))
                                            ^^^^^^^^^^^^^^^^^^^^^^^^^^^
core\ae_base_client.py:36: in _post
    response = self._context.post(url, form=form or {})
               ^^^^^^^^^^^^^^^^^^^^^^^^^^^^^^^^^^^^^^^^
.venv\Lib\site-packages\playwright\sync_api\_generated.py:20868: in post
    self._sync(
.venv\Lib\site-packages\playwright\_impl\_fetch.py:287: in post
    return await self.fetch(
.venv\Lib\site-packages\playwright\_impl\_fetch.py:326: in fetch
    return await self._inner_fetch(
.venv\Lib\site-packages\playwright\_impl\_fetch.py:432: in _inner_fetch
    response = await self._channel.send(
.venv\Lib\site-packages\playwright\_impl\_connection.py:69: in send
    return await self._connection.wrap_api_call(
.venv\Lib\site-packages\playwright\_impl\_connection.py:559: in wrap_api_call
    raise rewrite_error(error, f"{parsed_st['apiName']}: {error}") from None
E   playwright._impl._errors.TimeoutError: APIRequestContext.post: Timeout 10000ms exceeded.
E   Call log:
E     - \u2192 POST https://automationexercise.com/api/productsList
E       - user-agent: Playwright/1.60.0 (x64; windows 10.0) python/3.14
E       - accept: */*
E       - accept-encoding: gzip,deflate,br
----------------------------- Captured log setup ------------------------------
2026-06-14 20:53:42 [35mDEBUG   [0m asyncio: Using proactor: IocpProactor
------------------------------ Captured log call ------------------------------
2026-06-14 20:53:43 [35mDEBUG   [0m ae_products.api.ae_products_client: POST https://automationexercise.com/api/productsList
______________ TestSearchProduct.test_returns_matching_products _______________
[gw11] win32 -- Python 3.14.5 C:\Users\extre\PycharmProjects\pytest-demo\.venv\Scripts\python.exe
tests\ae_products\test_ae_products_api.py:80: in test_returns_matching_products
    response = ae_products_client.search_product("top")
               ^^^^^^^^^^^^^^^^^^^^^^^^^^^^^^^^^^^^^^^^
ae_products\api\ae_products_client.py:28: in search_product
    self._post("/searchProduct", form={"search_product": search_product})
core\ae_base_client.py:36: in _post
    response = self._context.post(url, form=form or {})
               ^^^^^^^^^^^^^^^^^^^^^^^^^^^^^^^^^^^^^^^^
.venv\Lib\site-packages\playwright\sync_api\_generated.py:20868: in post
    self._sync(
.venv\Lib\site-packages\playwright\_impl\_fetch.py:287: in post
    return await self.fetch(
.venv\Lib\site-packages\playwright\_impl\_fetch.py:326: in fetch
    return await self._inner_fetch(
.venv\Lib\site-packages\playwright\_impl\_fetch.py:432: in _inner_fetch
    response = await self._channel.send(
.venv\Lib\site-packages\playwright\_impl\_connection.py:69: in send
    return await self._connection.wrap_api_call(
.venv\Lib\site-packages\playwright\_impl\_connection.py:559: in wrap_api_call
    raise rewrite_error(error, f"{parsed_st['apiName']}: {error}") from None
E   playwright._impl._errors.TimeoutError: APIRequestContext.post: Timeout 10000ms exceeded.
E   Call log:
E     - \u2192 POST https://automationexercise.com/api/searchProduct
E       - user-agent: Playwright/1.60.0 (x64; windows 10.0) python/3.14
E       - accept: */*
E       - accept-encoding: gzip,deflate,br
E       - content-type: application/x-www-form-urlencoded
E       - content-length: 18
----------------------------- Captured log setup ------------------------------
2026-06-14 20:53:42 [35mDEBUG   [0m asyncio: Using proactor: IocpProactor
------------------------------ Captured log call ------------------------------
2026-06-14 20:53:43 [35mDEBUG   [0m ae_products.api.ae_products_client: POST https://automationexercise.com/api/searchProduct
__ TestSearchProductVariousKeywords.test_returns_results_for_keyword[dress] ___
[gw12] win32 -- Python 3.14.5 C:\Users\extre\PycharmProjects\pytest-demo\.venv\Scripts\python.exe
tests\ae_products\test_ae_products_api.py:100: in test_returns_results_for_keyword
    response = ae_products_client.search_product(keyword)
               ^^^^^^^^^^^^^^^^^^^^^^^^^^^^^^^^^^^^^^^^^^
ae_products\api\ae_products_client.py:28: in search_product
    self._post("/searchProduct", form={"search_product": search_product})
core\ae_base_client.py:36: in _post
    response = self._context.post(url, form=form or {})
               ^^^^^^^^^^^^^^^^^^^^^^^^^^^^^^^^^^^^^^^^
.venv\Lib\site-packages\playwright\sync_api\_generated.py:20868: in post
    self._sync(
.venv\Lib\site-packages\playwright\_impl\_fetch.py:287: in post
    return await self.fetch(
.venv\Lib\site-packages\playwright\_impl\_fetch.py:326: in fetch
    return await self._inner_fetch(
.venv\Lib\site-packages\playwright\_impl\_fetch.py:432: in _inner_fetch
    response = await self._channel.send(
.venv\Lib\site-packages\playwright\_impl\_connection.py:69: in send
    return await self._connection.wrap_api_call(
.venv\Lib\site-packages\playwright\_impl\_connection.py:559: in wrap_api_call
    raise rewrite_error(error, f"{parsed_st['apiName']}: {error}") from None
E   playwright._impl._errors.TimeoutError: APIRequestContext.post: Timeout 10000ms exceeded.
E   Call log:
E     - \u2192 POST https://automationexercise.com/api/searchProduct
E       - user-agent: Playwright/1.60.0 (x64; windows 10.0) python/3.14
E       - accept: */*
E       - accept-encoding: gzip,deflate,br
E       - content-type: application/x-www-form-urlencoded
E       - content-length: 20
----------------------------- Captured log setup ------------------------------
2026-06-14 20:53:42 [35mDEBUG   [0m asyncio: Using proactor: IocpProactor
------------------------------ Captured log call ------------------------------
2026-06-14 20:53:43 [35mDEBUG   [0m ae_products.api.ae_products_client: POST https://automationexercise.com/api/searchProduct
_______ TestVerifyLoginMissingEmail.test_returns_400_missing_parameter ________
[gw1] win32 -- Python 3.14.5 C:\Users\extre\PycharmProjects\pytest-demo\.venv\Scripts\python.exe
tests\ae_account\test_ae_account_api.py:46: in test_returns_400_missing_parameter
    response = ae_account_client.verify_login_missing_email(
ae_account\api\ae_account_client.py:18: in verify_login_missing_email
    self._post("/verifyLogin", form={"password": password})
core\ae_base_client.py:36: in _post
    response = self._context.post(url, form=form or {})
               ^^^^^^^^^^^^^^^^^^^^^^^^^^^^^^^^^^^^^^^^
.venv\Lib\site-packages\playwright\sync_api\_generated.py:20868: in post
    self._sync(
.venv\Lib\site-packages\playwright\_impl\_fetch.py:287: in post
    return await self.fetch(
.venv\Lib\site-packages\playwright\_impl\_fetch.py:326: in fetch
    return await self._inner_fetch(
.venv\Lib\site-packages\playwright\_impl\_fetch.py:432: in _inner_fetch
    response = await self._channel.send(
.venv\Lib\site-packages\playwright\_impl\_connection.py:69: in send
    return await self._connection.wrap_api_call(
.venv\Lib\site-packages\playwright\_impl\_connection.py:559: in wrap_api_call
    raise rewrite_error(error, f"{parsed_st['apiName']}: {error}") from None
E   playwright._impl._errors.TimeoutError: APIRequestContext.post: Timeout 10000ms exceeded.
E   Call log:
E     - \u2192 POST https://automationexercise.com/api/verifyLogin
E       - user-agent: Playwright/1.60.0 (x64; windows 10.0) python/3.14
E       - accept: */*
E       - accept-encoding: gzip,deflate,br
E       - content-type: application/x-www-form-urlencoded
E       - content-length: 18
----------------------------- Captured log setup ------------------------------
2026-06-14 20:53:42 [35mDEBUG   [0m asyncio: Using proactor: IocpProactor
------------------------------ Captured log call ------------------------------
2026-06-14 20:53:43 [35mDEBUG   [0m ae_account.api.ae_account_client: POST https://automationexercise.com/api/verifyLogin
_____________ TestGetAllProducts.test_products_list_is_non_empty ______________
[gw8] win32 -- Python 3.14.5 C:\Users\extre\PycharmProjects\pytest-demo\.venv\Scripts\python.exe
tests\ae_products\test_ae_products_api.py:20: in test_products_list_is_non_empty
    response = ae_products_client.get_all_products()
               ^^^^^^^^^^^^^^^^^^^^^^^^^^^^^^^^^^^^^
ae_products\api\ae_products_client.py:11: in get_all_products
    return AeProductsResponse.model_validate(self._get("/productsList"))
                                             ^^^^^^^^^^^^^^^^^^^^^^^^^^
core\ae_base_client.py:29: in _get
    response = self._context.get(url, params=params)
               ^^^^^^^^^^^^^^^^^^^^^^^^^^^^^^^^^^^^^
.venv\Lib\site-packages\playwright\sync_api\_generated.py:20567: in get
    self._sync(
.venv\Lib\site-packages\playwright\_impl\_fetch.py:200: in get
    return await self.fetch(
.venv\Lib\site-packages\playwright\_impl\_fetch.py:326: in fetch
    return await self._inner_fetch(
.venv\Lib\site-packages\playwright\_impl\_fetch.py:432: in _inner_fetch
    response = await self._channel.send(
.venv\Lib\site-packages\playwright\_impl\_connection.py:69: in send
    return await self._connection.wrap_api_call(
.venv\Lib\site-packages\playwright\_impl\_connection.py:559: in wrap_api_call
    raise rewrite_error(error, f"{parsed_st['apiName']}: {error}") from None
E   playwright._impl._errors.TimeoutError: APIRequestContext.get: Timeout 10000ms exceeded.
E   Call log:
E     - \u2192 GET https://automationexercise.com/api/productsList
E       - user-agent: Playwright/1.60.0 (x64; windows 10.0) python/3.14
E       - accept: */*
E       - accept-encoding: gzip,deflate,br
----------------------------- Captured log setup ------------------------------
2026-06-14 20:53:42 [35mDEBUG   [0m asyncio: Using proactor: IocpProactor
------------------------------ Captured log call ------------------------------
2026-06-14 20:53:43 [35mDEBUG   [0m ae_products.api.ae_products_client: GET https://automationexercise.com/api/productsList
______ TestVerifyLoginInvalidCredentials.test_returns_404_user_not_found ______
[gw2] win32 -- Python 3.14.5 C:\Users\extre\PycharmProjects\pytest-demo\.venv\Scripts\python.exe
tests\ae_account\test_ae_account_api.py:72: in test_returns_404_user_not_found
    response = ae_account_client.verify_login(
ae_account\api\ae_account_client.py:12: in verify_login
    self._post("/verifyLogin", form={"email": email, "password": password})
core\ae_base_client.py:36: in _post
    response = self._context.post(url, form=form or {})
               ^^^^^^^^^^^^^^^^^^^^^^^^^^^^^^^^^^^^^^^^
.venv\Lib\site-packages\playwright\sync_api\_generated.py:20868: in post
    self._sync(
.venv\Lib\site-packages\playwright\_impl\_fetch.py:287: in post
    return await self.fetch(
.venv\Lib\site-packages\playwright\_impl\_fetch.py:326: in fetch
    return await self._inner_fetch(
.venv\Lib\site-packages\playwright\_impl\_fetch.py:432: in _inner_fetch
    response = await self._channel.send(
.venv\Lib\site-packages\playwright\_impl\_connection.py:69: in send
    return await self._connection.wrap_api_call(
.venv\Lib\site-packages\playwright\_impl\_connection.py:559: in wrap_api_call
    raise rewrite_error(error, f"{parsed_st['apiName']}: {error}") from None
E   playwright._impl._errors.TimeoutError: APIRequestContext.post: Timeout 10000ms exceeded.
E   Call log:
E     - \u2192 POST https://automationexercise.com/api/verifyLogin
E       - user-agent: Playwright/1.60.0 (x64; windows 10.0) python/3.14
E       - accept: */*
E       - accept-encoding: gzip,deflate,br
E       - content-type: application/x-www-form-urlencoded
E       - content-length: 54
----------------------------- Captured log setup ------------------------------
2026-06-14 20:53:42 [35mDEBUG   [0m asyncio: Using proactor: IocpProactor
------------------------------ Captured log call ------------------------------
2026-06-14 20:53:43 [35mDEBUG   [0m ae_account.api.ae_account_client: POST https://automationexercise.com/api/verifyLogin
_______________ TestGetAllBrands.test_brands_list_is_non_empty ________________
[gw10] win32 -- Python 3.14.5 C:\Users\extre\PycharmProjects\pytest-demo\.venv\Scripts\python.exe
tests\ae_products\test_ae_products_api.py:55: in test_brands_list_is_non_empty
    response = ae_products_client.get_all_brands()
               ^^^^^^^^^^^^^^^^^^^^^^^^^^^^^^^^^^^
ae_products\api\ae_products_client.py:19: in get_all_brands
    return AeBrandsResponse.model_validate(self._get("/brandsList"))
                                           ^^^^^^^^^^^^^^^^^^^^^^^^
core\ae_base_client.py:29: in _get
    response = self._context.get(url, params=params)
               ^^^^^^^^^^^^^^^^^^^^^^^^^^^^^^^^^^^^^
.venv\Lib\site-packages\playwright\sync_api\_generated.py:20567: in get
    self._sync(
.venv\Lib\site-packages\playwright\_impl\_fetch.py:200: in get
    return await self.fetch(
.venv\Lib\site-packages\playwright\_impl\_fetch.py:326: in fetch
    return await self._inner_fetch(
.venv\Lib\site-packages\playwright\_impl\_fetch.py:432: in _inner_fetch
    response = await self._channel.send(
.venv\Lib\site-packages\playwright\_impl\_connection.py:69: in send
    return await self._connection.wrap_api_call(
.venv\Lib\site-packages\playwright\_impl\_connection.py:559: in wrap_api_call
    raise rewrite_error(error, f"{parsed_st['apiName']}: {error}") from None
E   playwright._impl._errors.TimeoutError: APIRequestContext.get: Timeout 10000ms exceeded.
E   Call log:
E     - \u2192 GET https://automationexercise.com/api/brandsList
E       - user-agent: Playwright/1.60.0 (x64; windows 10.0) python/3.14
E       - accept: */*
E       - accept-encoding: gzip,deflate,br
----------------------------- Captured log setup ------------------------------
2026-06-14 20:53:42 [35mDEBUG   [0m asyncio: Using proactor: IocpProactor
------------------------------ Captured log call ------------------------------
2026-06-14 20:53:43 [35mDEBUG   [0m ae_products.api.ae_products_client: GET https://automationexercise.com/api/brandsList
__ TestSearchProductVariousKeywords.test_returns_results_for_keyword[jeans] ___
[gw13] win32 -- Python 3.14.5 C:\Users\extre\PycharmProjects\pytest-demo\.venv\Scripts\python.exe
tests\ae_products\test_ae_products_api.py:100: in test_returns_results_for_keyword
    response = ae_products_client.search_product(keyword)
               ^^^^^^^^^^^^^^^^^^^^^^^^^^^^^^^^^^^^^^^^^^
ae_products\api\ae_products_client.py:28: in search_product
    self._post("/searchProduct", form={"search_product": search_product})
core\ae_base_client.py:36: in _post
    response = self._context.post(url, form=form or {})
               ^^^^^^^^^^^^^^^^^^^^^^^^^^^^^^^^^^^^^^^^
.venv\Lib\site-packages\playwright\sync_api\_generated.py:20868: in post
    self._sync(
.venv\Lib\site-packages\playwright\_impl\_fetch.py:287: in post
    return await self.fetch(
.venv\Lib\site-packages\playwright\_impl\_fetch.py:326: in fetch
    return await self._inner_fetch(
.venv\Lib\site-packages\playwright\_impl\_fetch.py:432: in _inner_fetch
    response = await self._channel.send(
.venv\Lib\site-packages\playwright\_impl\_connection.py:69: in send
    return await self._connection.wrap_api_call(
.venv\Lib\site-packages\playwright\_impl\_connection.py:559: in wrap_api_call
    raise rewrite_error(error, f"{parsed_st['apiName']}: {error}") from None
E   playwright._impl._errors.TimeoutError: APIRequestContext.post: Timeout 10000ms exceeded.
E   Call log:
E     - \u2192 POST https://automationexercise.com/api/searchProduct
E       - user-agent: Playwright/1.60.0 (x64; windows 10.0) python/3.14
E       - accept: */*
E       - accept-encoding: gzip,deflate,br
E       - content-type: application/x-www-form-urlencoded
E       - content-length: 20
----------------------------- Captured log setup ------------------------------
2026-06-14 20:53:42 [35mDEBUG   [0m asyncio: Using proactor: IocpProactor
------------------------------ Captured log call ------------------------------
2026-06-14 20:53:43 [35mDEBUG   [0m ae_products.api.ae_products_client: POST https://automationexercise.com/api/searchProduct
_____________ TestGetUserDetail.test_returns_200_with_user_object _____________
[gw6] win32 -- Python 3.14.5 C:\Users\extre\PycharmProjects\pytest-demo\.venv\Scripts\python.exe
tests\ae_account\test_ae_account_api.py:183: in test_returns_200_with_user_object
    response = ae_account_client.get_user_detail(email=settings.ae_username)
               ^^^^^^^^^^^^^^^^^^^^^^^^^^^^^^^^^^^^^^^^^^^^^^^^^^^^^^^^^^^^^
ae_account\api\ae_account_client.py:46: in get_user_detail
    self._get("/getUserDetailByEmail", params={"email": email})
core\ae_base_client.py:29: in _get
    response = self._context.get(url, params=params)
               ^^^^^^^^^^^^^^^^^^^^^^^^^^^^^^^^^^^^^
.venv\Lib\site-packages\playwright\sync_api\_generated.py:20567: in get
    self._sync(
.venv\Lib\site-packages\playwright\_impl\_fetch.py:200: in get
    return await self.fetch(
.venv\Lib\site-packages\playwright\_impl\_fetch.py:326: in fetch
    return await self._inner_fetch(
.venv\Lib\site-packages\playwright\_impl\_fetch.py:432: in _inner_fetch
    response = await self._channel.send(
.venv\Lib\site-packages\playwright\_impl\_connection.py:69: in send
    return await self._connection.wrap_api_call(
.venv\Lib\site-packages\playwright\_impl\_connection.py:559: in wrap_api_call
    raise rewrite_error(error, f"{parsed_st['apiName']}: {error}") from None
E   playwright._impl._errors.TimeoutError: APIRequestContext.get: Timeout 10000ms exceeded.
E   Call log:
E     - \u2192 GET https://automationexercise.com/api/getUserDetailByEmail?email=123432323%40pytest.com
E       - user-agent: Playwright/1.60.0 (x64; windows 10.0) python/3.14
E       - accept: */*
E       - accept-encoding: gzip,deflate,br
----------------------------- Captured log setup ------------------------------
2026-06-14 20:53:42 [35mDEBUG   [0m asyncio: Using proactor: IocpProactor
------------------------------ Captured log call ------------------------------
2026-06-14 20:53:43 [35mDEBUG   [0m ae_account.api.ae_account_client: GET https://automationexercise.com/api/getUserDetailByEmail
_____________________ TestGetAllProducts.test_returns_200 _____________________
[gw7] win32 -- Python 3.14.5 C:\Users\extre\PycharmProjects\pytest-demo\.venv\Scripts\python.exe
tests\ae_products\test_ae_products_api.py:16: in test_returns_200
    response = ae_products_client.get_all_products()
               ^^^^^^^^^^^^^^^^^^^^^^^^^^^^^^^^^^^^^
ae_products\api\ae_products_client.py:11: in get_all_products
    return AeProductsResponse.model_validate(self._get("/productsList"))
                                             ^^^^^^^^^^^^^^^^^^^^^^^^^^
core\ae_base_client.py:29: in _get
    response = self._context.get(url, params=params)
               ^^^^^^^^^^^^^^^^^^^^^^^^^^^^^^^^^^^^^
.venv\Lib\site-packages\playwright\sync_api\_generated.py:20567: in get
    self._sync(
.venv\Lib\site-packages\playwright\_impl\_fetch.py:200: in get
    return await self.fetch(
.venv\Lib\site-packages\playwright\_impl\_fetch.py:326: in fetch
    return await self._inner_fetch(
.venv\Lib\site-packages\playwright\_impl\_fetch.py:432: in _inner_fetch
    response = await self._channel.send(
.venv\Lib\site-packages\playwright\_impl\_connection.py:69: in send
    return await self._connection.wrap_api_call(
.venv\Lib\site-packages\playwright\_impl\_connection.py:559: in wrap_api_call
    raise rewrite_error(error, f"{parsed_st['apiName']}: {error}") from None
E   playwright._impl._errors.TimeoutError: APIRequestContext.get: Timeout 10000ms exceeded.
E   Call log:
E     - \u2192 GET https://automationexercise.com/api/productsList
E       - user-agent: Playwright/1.60.0 (x64; windows 10.0) python/3.14
E       - accept: */*
E       - accept-encoding: gzip,deflate,br
------------------------------ Captured log call ------------------------------
2026-06-14 20:53:53 [35mDEBUG   [0m ae_products.api.ae_products_client: GET https://automationexercise.com/api/productsList
______________________ TestGetAllBrands.test_returns_200 ______________________
[gw9] win32 -- Python 3.14.5 C:\Users\extre\PycharmProjects\pytest-demo\.venv\Scripts\python.exe
tests\ae_products\test_ae_products_api.py:51: in test_returns_200
    response = ae_products_client.get_all_brands()
               ^^^^^^^^^^^^^^^^^^^^^^^^^^^^^^^^^^^
ae_products\api\ae_products_client.py:19: in get_all_brands
    return AeBrandsResponse.model_validate(self._get("/brandsList"))
                                           ^^^^^^^^^^^^^^^^^^^^^^^^
core\ae_base_client.py:29: in _get
    response = self._context.get(url, params=params)
               ^^^^^^^^^^^^^^^^^^^^^^^^^^^^^^^^^^^^^
.venv\Lib\site-packages\playwright\sync_api\_generated.py:20567: in get
    self._sync(
.venv\Lib\site-packages\playwright\_impl\_fetch.py:200: in get
    return await self.fetch(
.venv\Lib\site-packages\playwright\_impl\_fetch.py:326: in fetch
    return await self._inner_fetch(
.venv\Lib\site-packages\playwright\_impl\_fetch.py:432: in _inner_fetch
    response = await self._channel.send(
.venv\Lib\site-packages\playwright\_impl\_connection.py:69: in send
    return await self._connection.wrap_api_call(
.venv\Lib\site-packages\playwright\_impl\_connection.py:559: in wrap_api_call
    raise rewrite_error(error, f"{parsed_st['apiName']}: {error}") from None
E   playwright._impl._errors.TimeoutError: APIRequestContext.get: Timeout 10000ms exceeded.
E   Call log:
E     - \u2192 GET https://automationexercise.com/api/brandsList
E       - user-agent: Playwright/1.60.0 (x64; windows 10.0) python/3.14
E       - accept: */*
E       - accept-encoding: gzip,deflate,br
------------------------------ Captured log call ------------------------------
2026-06-14 20:53:53 [35mDEBUG   [0m ae_products.api.ae_products_client: GET https://automationexercise.com/api/brandsList
__ TestSearchProductVariousKeywords.test_returns_results_for_keyword[saree] ___
[gw12] win32 -- Python 3.14.5 C:\Users\extre\PycharmProjects\pytest-demo\.venv\Scripts\python.exe
tests\ae_products\test_ae_products_api.py:100: in test_returns_results_for_keyword
    response = ae_products_client.search_product(keyword)
               ^^^^^^^^^^^^^^^^^^^^^^^^^^^^^^^^^^^^^^^^^^
ae_products\api\ae_products_client.py:28: in search_product
    self._post("/searchProduct", form={"search_product": search_product})
core\ae_base_client.py:36: in _post
    response = self._context.post(url, form=form or {})
               ^^^^^^^^^^^^^^^^^^^^^^^^^^^^^^^^^^^^^^^^
.venv\Lib\site-packages\playwright\sync_api\_generated.py:20868: in post
    self._sync(
.venv\Lib\site-packages\playwright\_impl\_fetch.py:287: in post
    return await self.fetch(
.venv\Lib\site-packages\playwright\_impl\_fetch.py:326: in fetch
    return await self._inner_fetch(
.venv\Lib\site-packages\playwright\_impl\_fetch.py:432: in _inner_fetch
    response = await self._channel.send(
.venv\Lib\site-packages\playwright\_impl\_connection.py:69: in send
    return await self._connection.wrap_api_call(
.venv\Lib\site-packages\playwright\_impl\_connection.py:559: in wrap_api_call
    raise rewrite_error(error, f"{parsed_st['apiName']}: {error}") from None
E   playwright._impl._errors.TimeoutError: APIRequestContext.post: Timeout 10000ms exceeded.
E   Call log:
E     - \u2192 POST https://automationexercise.com/api/searchProduct
E       - user-agent: Playwright/1.60.0 (x64; windows 10.0) python/3.14
E       - accept: */*
E       - accept-encoding: gzip,deflate,br
E       - content-type: application/x-www-form-urlencoded
E       - content-length: 20
------------------------------ Captured log call ------------------------------
2026-06-14 20:53:53 [35mDEBUG   [0m ae_products.api.ae_products_client: POST https://automationexercise.com/api/searchProduct
____________ TestSearchProduct.test_search_results_contain_keyword ____________
[gw11] win32 -- Python 3.14.5 C:\Users\extre\PycharmProjects\pytest-demo\.venv\Scripts\python.exe
tests\ae_products\test_ae_products_api.py:85: in test_search_results_contain_keyword
    response = ae_products_client.search_product("Blue Top")
               ^^^^^^^^^^^^^^^^^^^^^^^^^^^^^^^^^^^^^^^^^^^^^
ae_products\api\ae_products_client.py:28: in search_product
    self._post("/searchProduct", form={"search_product": search_product})
core\ae_base_client.py:36: in _post
    response = self._context.post(url, form=form or {})
               ^^^^^^^^^^^^^^^^^^^^^^^^^^^^^^^^^^^^^^^^
.venv\Lib\site-packages\playwright\sync_api\_generated.py:20868: in post
    self._sync(
.venv\Lib\site-packages\playwright\_impl\_fetch.py:287: in post
    return await self.fetch(
.venv\Lib\site-packages\playwright\_impl\_fetch.py:326: in fetch
    return await self._inner_fetch(
.venv\Lib\site-packages\playwright\_impl\_fetch.py:432: in _inner_fetch
    response = await self._channel.send(
.venv\Lib\site-packages\playwright\_impl\_connection.py:69: in send
    return await self._connection.wrap_api_call(
.venv\Lib\site-packages\playwright\_impl\_connection.py:559: in wrap_api_call
    raise rewrite_error(error, f"{parsed_st['apiName']}: {error}") from None
E   playwright._impl._errors.TimeoutError: APIRequestContext.post: Timeout 10000ms exceeded.
E   Call log:
E     - \u2192 POST https://automationexercise.com/api/searchProduct
E       - user-agent: Playwright/1.60.0 (x64; windows 10.0) python/3.14
E       - accept: */*
E       - accept-encoding: gzip,deflate,br
E       - content-type: application/x-www-form-urlencoded
E       - content-length: 23
------------------------------ Captured log call ------------------------------
2026-06-14 20:53:53 [35mDEBUG   [0m ae_products.api.ae_products_client: POST https://automationexercise.com/api/searchProduct
___________ TestGetAllProducts.test_each_product_has_name_and_price ___________
[gw8] win32 -- Python 3.14.5 C:\Users\extre\PycharmProjects\pytest-demo\.venv\Scripts\python.exe
tests\ae_products\test_ae_products_api.py:24: in test_each_product_has_name_and_price
    response = ae_products_client.get_all_products()
               ^^^^^^^^^^^^^^^^^^^^^^^^^^^^^^^^^^^^^
ae_products\api\ae_products_client.py:11: in get_all_products
    return AeProductsResponse.model_validate(self._get("/productsList"))
                                             ^^^^^^^^^^^^^^^^^^^^^^^^^^
core\ae_base_client.py:29: in _get
    response = self._context.get(url, params=params)
               ^^^^^^^^^^^^^^^^^^^^^^^^^^^^^^^^^^^^^
.venv\Lib\site-packages\playwright\sync_api\_generated.py:20567: in get
    self._sync(
.venv\Lib\site-packages\playwright\_impl\_fetch.py:200: in get
    return await self.fetch(
.venv\Lib\site-packages\playwright\_impl\_fetch.py:326: in fetch
    return await self._inner_fetch(
.venv\Lib\site-packages\playwright\_impl\_fetch.py:432: in _inner_fetch
    response = await self._channel.send(
.venv\Lib\site-packages\playwright\_impl\_connection.py:69: in send
    return await self._connection.wrap_api_call(
.venv\Lib\site-packages\playwright\_impl\_connection.py:559: in wrap_api_call
    raise rewrite_error(error, f"{parsed_st['apiName']}: {error}") from None
E   playwright._impl._errors.TimeoutError: APIRequestContext.get: Timeout 10000ms exceeded.
E   Call log:
E     - \u2192 GET https://automationexercise.com/api/productsList
E       - user-agent: Playwright/1.60.0 (x64; windows 10.0) python/3.14
E       - accept: */*
E       - accept-encoding: gzip,deflate,br
------------------------------ Captured log call ------------------------------
2026-06-14 20:53:53 [35mDEBUG   [0m ae_products.api.ae_products_client: GET https://automationexercise.com/api/productsList
_________ TestSearchProductMissingParam.test_returns_400_bad_request __________
[gw13] win32 -- Python 3.14.5 C:\Users\extre\PycharmProjects\pytest-demo\.venv\Scripts\python.exe
tests\ae_products\test_ae_products_api.py:113: in test_returns_400_bad_request
    response = ae_products_client.search_product_missing_param()
               ^^^^^^^^^^^^^^^^^^^^^^^^^^^^^^^^^^^^^^^^^^^^^^^^^
ae_products\api\ae_products_client.py:33: in search_product_missing_param
    return AeMessageResponse.model_validate(self._post("/searchProduct"))
                                            ^^^^^^^^^^^^^^^^^^^^^^^^^^^^
core\ae_base_client.py:36: in _post
    response = self._context.post(url, form=form or {})
               ^^^^^^^^^^^^^^^^^^^^^^^^^^^^^^^^^^^^^^^^
.venv\Lib\site-packages\playwright\sync_api\_generated.py:20868: in post
    self._sync(
.venv\Lib\site-packages\playwright\_impl\_fetch.py:287: in post
    return await self.fetch(
.venv\Lib\site-packages\playwright\_impl\_fetch.py:326: in fetch
    return await self._inner_fetch(
.venv\Lib\site-packages\playwright\_impl\_fetch.py:432: in _inner_fetch
    response = await self._channel.send(
.venv\Lib\site-packages\playwright\_impl\_connection.py:69: in send
    return await self._connection.wrap_api_call(
.venv\Lib\site-packages\playwright\_impl\_connection.py:559: in wrap_api_call
    raise rewrite_error(error, f"{parsed_st['apiName']}: {error}") from None
E   playwright._impl._errors.TimeoutError: APIRequestContext.post: Timeout 10000ms exceeded.
E   Call log:
E     - \u2192 POST https://automationexercise.com/api/searchProduct
E       - user-agent: Playwright/1.60.0 (x64; windows 10.0) python/3.14
E       - accept: */*
E       - accept-encoding: gzip,deflate,br
------------------------------ Captured log call ------------------------------
2026-06-14 20:53:53 [35mDEBUG   [0m ae_products.api.ae_products_client: POST https://automationexercise.com/api/searchProduct
_________ TestDeleteVerifyLogin.test_returns_405_method_not_supported _________
[gw1] win32 -- Python 3.14.5 C:\Users\extre\PycharmProjects\pytest-demo\.venv\Scripts\python.exe
tests\ae_account\test_ae_account_api.py:60: in test_returns_405_method_not_supported
    response = ae_account_client.delete_verify_login()
               ^^^^^^^^^^^^^^^^^^^^^^^^^^^^^^^^^^^^^^^
ae_account\api\ae_account_client.py:23: in delete_verify_login
    return AeMessageResponse.model_validate(self._delete("/verifyLogin"))
                                            ^^^^^^^^^^^^^^^^^^^^^^^^^^^^
core\ae_base_client.py:50: in _delete
    response = self._context.delete(url, form=form or {})
               ^^^^^^^^^^^^^^^^^^^^^^^^^^^^^^^^^^^^^^^^^^
.venv\Lib\site-packages\playwright\sync_api\_generated.py:20375: in delete
    self._sync(
.venv\Lib\site-packages\playwright\_impl\_fetch.py:142: in delete
    return await self.fetch(
.venv\Lib\site-packages\playwright\_impl\_fetch.py:326: in fetch
    return await self._inner_fetch(
.venv\Lib\site-packages\playwright\_impl\_fetch.py:432: in _inner_fetch
    response = await self._channel.send(
.venv\Lib\site-packages\playwright\_impl\_connection.py:69: in send
    return await self._connection.wrap_api_call(
.venv\Lib\site-packages\playwright\_impl\_connection.py:559: in wrap_api_call
    raise rewrite_error(error, f"{parsed_st['apiName']}: {error}") from None
E   playwright._impl._errors.TimeoutError: APIRequestContext.delete: Timeout 10000ms exceeded.
E   Call log:
E     - \u2192 DELETE https://automationexercise.com/api/verifyLogin
E       - user-agent: Playwright/1.60.0 (x64; windows 10.0) python/3.14
E       - accept: */*
E       - accept-encoding: gzip,deflate,br
------------------------------ Captured log call ------------------------------
2026-06-14 20:53:53 [35mDEBUG   [0m ae_account.api.ae_account_client: DELETE https://automationexercise.com/api/verifyLogin
_______________ TestGetUserDetail.test_email_matches_requested ________________
[gw6] win32 -- Python 3.14.5 C:\Users\extre\PycharmProjects\pytest-demo\.venv\Scripts\python.exe
tests\ae_account\test_ae_account_api.py:189: in test_email_matches_requested
    response = ae_account_client.get_user_detail(email=settings.ae_username)
               ^^^^^^^^^^^^^^^^^^^^^^^^^^^^^^^^^^^^^^^^^^^^^^^^^^^^^^^^^^^^^
ae_account\api\ae_account_client.py:46: in get_user_detail
    self._get("/getUserDetailByEmail", params={"email": email})
core\ae_base_client.py:29: in _get
    response = self._context.get(url, params=params)
               ^^^^^^^^^^^^^^^^^^^^^^^^^^^^^^^^^^^^^
.venv\Lib\site-packages\playwright\sync_api\_generated.py:20567: in get
    self._sync(
.venv\Lib\site-packages\playwright\_impl\_fetch.py:200: in get
    return await self.fetch(
.venv\Lib\site-packages\playwright\_impl\_fetch.py:326: in fetch
    return await self._inner_fetch(
.venv\Lib\site-packages\playwright\_impl\_fetch.py:432: in _inner_fetch
    response = await self._channel.send(
.venv\Lib\site-packages\playwright\_impl\_connection.py:69: in send
    return await self._connection.wrap_api_call(
.venv\Lib\site-packages\playwright\_impl\_connection.py:559: in wrap_api_call
    raise rewrite_error(error, f"{parsed_st['apiName']}: {error}") from None
E   playwright._impl._errors.TimeoutError: APIRequestContext.get: Timeout 10000ms exceeded.
E   Call log:
E     - \u2192 GET https://automationexercise.com/api/getUserDetailByEmail?email=123432323%40pytest.com
E       - user-agent: Playwright/1.60.0 (x64; windows 10.0) python/3.14
E       - accept: */*
E       - accept-encoding: gzip,deflate,br
------------------------------ Captured log call ------------------------------
2026-06-14 20:53:53 [35mDEBUG   [0m ae_account.api.ae_account_client: GET https://automationexercise.com/api/getUserDetailByEmail
___ TestVerifyLoginInvalidCredentials.test_message_indicates_user_not_found ___
[gw2] win32 -- Python 3.14.5 C:\Users\extre\PycharmProjects\pytest-demo\.venv\Scripts\python.exe
tests\ae_account\test_ae_account_api.py:79: in test_message_indicates_user_not_found
    response = ae_account_client.verify_login(
ae_account\api\ae_account_client.py:12: in verify_login
    self._post("/verifyLogin", form={"email": email, "password": password})
core\ae_base_client.py:36: in _post
    response = self._context.post(url, form=form or {})
               ^^^^^^^^^^^^^^^^^^^^^^^^^^^^^^^^^^^^^^^^
.venv\Lib\site-packages\playwright\sync_api\_generated.py:20868: in post
    self._sync(
.venv\Lib\site-packages\playwright\_impl\_fetch.py:287: in post
    return await self.fetch(
.venv\Lib\site-packages\playwright\_impl\_fetch.py:326: in fetch
    return await self._inner_fetch(
.venv\Lib\site-packages\playwright\_impl\_fetch.py:432: in _inner_fetch
    response = await self._channel.send(
.venv\Lib\site-packages\playwright\_impl\_connection.py:69: in send
    return await self._connection.wrap_api_call(
.venv\Lib\site-packages\playwright\_impl\_connection.py:559: in wrap_api_call
    raise rewrite_error(error, f"{parsed_st['apiName']}: {error}") from None
E   playwright._impl._errors.TimeoutError: APIRequestContext.post: Timeout 10000ms exceeded.
E   Call log:
E     - \u2192 POST https://automationexercise.com/api/verifyLogin
E       - user-agent: Playwright/1.60.0 (x64; windows 10.0) python/3.14
E       - accept: */*
E       - accept-encoding: gzip,deflate,br
E       - content-type: application/x-www-form-urlencoded
E       - content-length: 54
------------------------------ Captured log call ------------------------------
2026-06-14 20:53:53 [35mDEBUG   [0m ae_account.api.ae_account_client: POST https://automationexercise.com/api/verifyLogin
__________ TestPutToBrandsList.test_returns_405_method_not_supported __________
[gw10] win32 -- Python 3.14.5 C:\Users\extre\PycharmProjects\pytest-demo\.venv\Scripts\python.exe
tests\ae_products\test_ae_products_api.py:67: in test_returns_405_method_not_supported
    response = ae_products_client.put_to_brands_list()
               ^^^^^^^^^^^^^^^^^^^^^^^^^^^^^^^^^^^^^^^
ae_products\api\ae_products_client.py:23: in put_to_brands_list
    return AeMessageResponse.model_validate(self._put("/brandsList"))
                                            ^^^^^^^^^^^^^^^^^^^^^^^^
core\ae_base_client.py:43: in _put
    response = self._context.put(url, form=form or {})
               ^^^^^^^^^^^^^^^^^^^^^^^^^^^^^^^^^^^^^^^
.venv\Lib\site-packages\playwright\sync_api\_generated.py:20747: in put
    self._sync(
.venv\Lib\site-packages\playwright\_impl\_fetch.py:258: in put
    return await self.fetch(
.venv\Lib\site-packages\playwright\_impl\_fetch.py:326: in fetch
    return await self._inner_fetch(
.venv\Lib\site-packages\playwright\_impl\_fetch.py:432: in _inner_fetch
    response = await self._channel.send(
.venv\Lib\site-packages\playwright\_impl\_connection.py:69: in send
    return await self._connection.wrap_api_call(
.venv\Lib\site-packages\playwright\_impl\_connection.py:559: in wrap_api_call
    raise rewrite_error(error, f"{parsed_st['apiName']}: {error}") from None
E   playwright._impl._errors.TimeoutError: APIRequestContext.put: Timeout 10000ms exceeded.
E   Call log:
E     - \u2192 PUT https://automationexercise.com/api/brandsList
E       - user-agent: Playwright/1.60.0 (x64; windows 10.0) python/3.14
E       - accept: */*
E       - accept-encoding: gzip,deflate,br
------------------------------ Captured log call ------------------------------
2026-06-14 20:53:53 [35mDEBUG   [0m ae_products.api.ae_products_client: PUT https://automationexercise.com/api/brandsList
______________ TestCreateAccount.test_message_confirms_creation _______________
[gw3] win32 -- Python 3.14.5 C:\Users\extre\PycharmProjects\pytest-demo\.venv\Scripts\python.exe
tests\ae_account\test_ae_account_api.py:112: in test_message_confirms_creation
    response = ae_account_client.create_account(payload)
               ^^^^^^^^^^^^^^^^^^^^^^^^^^^^^^^^^^^^^^^^^
ae_account\api\ae_account_client.py:28: in create_account
    self._post("/createAccount", form=payload.model_dump())
core\ae_base_client.py:36: in _post
    response = self._context.post(url, form=form or {})
               ^^^^^^^^^^^^^^^^^^^^^^^^^^^^^^^^^^^^^^^^
.venv\Lib\site-packages\playwright\sync_api\_generated.py:20868: in post
    self._sync(
.venv\Lib\site-packages\playwright\_impl\_fetch.py:287: in post
    return await self.fetch(
.venv\Lib\site-packages\playwright\_impl\_fetch.py:326: in fetch
    return await self._inner_fetch(
.venv\Lib\site-packages\playwright\_impl\_fetch.py:432: in _inner_fetch
    response = await self._channel.send(
.venv\Lib\site-packages\playwright\_impl\_connection.py:69: in send
    return await self._connection.wrap_api_call(
.venv\Lib\site-packages\playwright\_impl\_connection.py:559: in wrap_api_call
    raise rewrite_error(error, f"{parsed_st['apiName']}: {error}") from None
E   playwright._impl._errors.TimeoutError: APIRequestContext.post: Timeout 10000ms exceeded.
E   Call log:
E     - \u2192 POST https://automationexercise.com/api/createAccount
E       - user-agent: Playwright/1.60.0 (x64; windows 10.0) python/3.14
E       - accept: */*
E       - accept-encoding: gzip,deflate,br
E       - content-type: application/x-www-form-urlencoded
E       - content-length: 297
------------------------------ Captured log call ------------------------------
2026-06-14 20:54:03 [35mDEBUG   [0m ae_account.api.ae_account_client: POST https://automationexercise.com/api/createAccount
---------------------------- Captured log teardown ----------------------------
2026-06-14 20:54:14 \x1b[35mDEBUG   \x1b[0m ae_account.api.ae_account_client: DELETE https://automationexercise.com/api/deleteAccount\n2026-06-14 20:54:20 \x1b[35mDEBUG   \x1b[0m ae_account.api.ae_account_client: \u2190 200
___ TestSearchProductMissingParam.test_error_message_mentions_missing_param ___
[gw7] win32 -- Python 3.14.5 C:\Users\extre\PycharmProjects\pytest-demo\.venv\Scripts\python.exe
tests\ae_products\test_ae_products_api.py:117: in test_error_message_mentions_missing_param
    response = ae_products_client.search_product_missing_param()
               ^^^^^^^^^^^^^^^^^^^^^^^^^^^^^^^^^^^^^^^^^^^^^^^^^
ae_products\api\ae_products_client.py:33: in search_product_missing_param
    return AeMessageResponse.model_validate(self._post("/searchProduct"))
                                            ^^^^^^^^^^^^^^^^^^^^^^^^^^^^
core\ae_base_client.py:36: in _post
    response = self._context.post(url, form=form or {})
               ^^^^^^^^^^^^^^^^^^^^^^^^^^^^^^^^^^^^^^^^
.venv\Lib\site-packages\playwright\sync_api\_generated.py:20868: in post
    self._sync(
.venv\Lib\site-packages\playwright\_impl\_fetch.py:287: in post
    return await self.fetch(
.venv\Lib\site-packages\playwright\_impl\_fetch.py:326: in fetch
    return await self._inner_fetch(
.venv\Lib\site-packages\playwright\_impl\_fetch.py:432: in _inner_fetch
    response = await self._channel.send(
.venv\Lib\site-packages\playwright\_impl\_connection.py:69: in send
    return await self._connection.wrap_api_call(
.venv\Lib\site-packages\playwright\_impl\_connection.py:559: in wrap_api_call
    raise rewrite_error(error, f"{parsed_st['apiName']}: {error}") from None
E   playwright._impl._errors.TimeoutError: APIRequestContext.post: Timeout 10000ms exceeded.
E   Call log:
E     - \u2192 POST https://automationexercise.com/api/searchProduct
E       - user-agent: Playwright/1.60.0 (x64; windows 10.0) python/3.14
E       - accept: */*
E       - accept-encoding: gzip,deflate,br
------------------------------ Captured log call ------------------------------
2026-06-14 20:54:04 [35mDEBUG   [0m ae_products.api.ae_products_client: POST https://automationexercise.com/api/searchProduct
____________________ TestGetPost.test_returns_valid_schema ____________________
[gw0] win32 -- Python 3.14.5 C:\Users\extre\PycharmProjects\pytest-demo\.venv\Scripts\python.exe
tests\posts\test_post_api.py:16: in test_returns_valid_schema
    post = post_client.get(post_id=1)
           ^^^^^^^^^^^^^^^^^^^^^^^^^^
posts\api\post_client.py:20: in get
    return self._get(post_id)
           ^^^^^^^^^^^^^^^^^^
core\base_api_client.py:67: in _get
    response = self._context.get(url, params=params)
               ^^^^^^^^^^^^^^^^^^^^^^^^^^^^^^^^^^^^^
.venv\Lib\site-packages\playwright\sync_api\_generated.py:20567: in get
    self._sync(
.venv\Lib\site-packages\playwright\_impl\_fetch.py:200: in get
    return await self.fetch(
.venv\Lib\site-packages\playwright\_impl\_fetch.py:326: in fetch
    return await self._inner_fetch(
.venv\Lib\site-packages\playwright\_impl\_fetch.py:432: in _inner_fetch
    response = await self._channel.send(
.venv\Lib\site-packages\playwright\_impl\_connection.py:69: in send
    return await self._connection.wrap_api_call(
.venv\Lib\site-packages\playwright\_impl\_connection.py:559: in wrap_api_call
    raise rewrite_error(error, f"{parsed_st['apiName']}: {error}") from None
E   playwright._impl._errors.TimeoutError: APIRequestContext.get: Timeout 10000ms exceeded.
E   Call log:
E     - \u2192 GET https://jsonplaceholder.typicode.com/posts/1
E       - user-agent: Playwright/1.60.0 (x64; windows 10.0) python/3.14
E       - accept: */*
E       - accept-encoding: gzip,deflate,br
------------------------------ Captured log call ------------------------------
2026-06-14 20:54:20 [35mDEBUG   [0m posts.api.post_client: GET https://jsonplaceholder.typicode.com/posts/1
_____________________ TestGetUser.test_name_is_non_empty ______________________
[gw9] win32 -- Python 3.14.5 C:\Users\extre\PycharmProjects\pytest-demo\.venv\Scripts\python.exe
tests\users\test_user_api.py:20: in test_name_is_non_empty
    user = user_client.get(user_id=1)
           ^^^^^^^^^^^^^^^^^^^^^^^^^^
users\api\user_client.py:20: in get
    return self._get(user_id)
           ^^^^^^^^^^^^^^^^^^
core\base_api_client.py:67: in _get
    response = self._context.get(url, params=params)
               ^^^^^^^^^^^^^^^^^^^^^^^^^^^^^^^^^^^^^
.venv\Lib\site-packages\playwright\sync_api\_generated.py:20567: in get
    self._sync(
.venv\Lib\site-packages\playwright\_impl\_fetch.py:200: in get
    return await self.fetch(
.venv\Lib\site-packages\playwright\_impl\_fetch.py:326: in fetch
    return await self._inner_fetch(
.venv\Lib\site-packages\playwright\_impl\_fetch.py:432: in _inner_fetch
    response = await self._channel.send(
.venv\Lib\site-packages\playwright\_impl\_connection.py:69: in send
    return await self._connection.wrap_api_call(
.venv\Lib\site-packages\playwright\_impl\_connection.py:559: in wrap_api_call
    raise rewrite_error(error, f"{parsed_st['apiName']}: {error}") from None
E   playwright._impl._errors.TimeoutError: APIRequestContext.get: Timeout 10000ms exceeded.
E   Call log:
E     - \u2192 GET https://jsonplaceholder.typicode.com/users/1
E       - user-agent: Playwright/1.60.0 (x64; windows 10.0) python/3.14
E       - accept: */*
E       - accept-encoding: gzip,deflate,br
------------------------------ Captured log call ------------------------------
2026-06-14 20:54:41 [35mDEBUG   [0m users.api.user_client: GET https://jsonplaceholder.typicode.com/users/1
________________ TestGetUser.test_unknown_id_raises_api_error _________________
[gw12] win32 -- Python 3.14.5 C:\Users\extre\PycharmProjects\pytest-demo\.venv\Scripts\python.exe
tests\users\test_user_api.py:25: in test_unknown_id_raises_api_error
    user_client.get(user_id=9999)
users\api\user_client.py:20: in get
    return self._get(user_id)
           ^^^^^^^^^^^^^^^^^^
core\base_api_client.py:67: in _get
    response = self._context.get(url, params=params)
               ^^^^^^^^^^^^^^^^^^^^^^^^^^^^^^^^^^^^^
.venv\Lib\site-packages\playwright\sync_api\_generated.py:20567: in get
    self._sync(
.venv\Lib\site-packages\playwright\_impl\_fetch.py:200: in get
    return await self.fetch(
.venv\Lib\site-packages\playwright\_impl\_fetch.py:326: in fetch
    return await self._inner_fetch(
.venv\Lib\site-packages\playwright\_impl\_fetch.py:432: in _inner_fetch
    response = await self._channel.send(
.venv\Lib\site-packages\playwright\_impl\_connection.py:69: in send
    return await self._connection.wrap_api_call(
.venv\Lib\site-packages\playwright\_impl\_connection.py:559: in wrap_api_call
    raise rewrite_error(error, f"{parsed_st['apiName']}: {error}") from None
E   playwright._impl._errors.TimeoutError: APIRequestContext.get: Timeout 10000ms exceeded.
E   Call log:
E     - \u2192 GET https://jsonplaceholder.typicode.com/users/9999
E       - user-agent: Playwright/1.60.0 (x64; windows 10.0) python/3.14
E       - accept: */*
E       - accept-encoding: gzip,deflate,br
------------------------------ Captured log call ------------------------------
2026-06-14 20:54:41 [35mDEBUG   [0m users.api.user_client: GET https://jsonplaceholder.typicode.com/users/9999
_____________ TestGetUser.test_valid_id_returns_matching_user[1] ______________
[gw1] win32 -- Python 3.14.5 C:\Users\extre\PycharmProjects\pytest-demo\.venv\Scripts\python.exe
tests\users\test_user_api.py:32: in test_valid_id_returns_matching_user
    user = user_client.get(user_id=user_id)
           ^^^^^^^^^^^^^^^^^^^^^^^^^^^^^^^^
users\api\user_client.py:20: in get
    return self._get(user_id)
           ^^^^^^^^^^^^^^^^^^
core\base_api_client.py:67: in _get
    response = self._context.get(url, params=params)
               ^^^^^^^^^^^^^^^^^^^^^^^^^^^^^^^^^^^^^
.venv\Lib\site-packages\playwright\sync_api\_generated.py:20567: in get
    self._sync(
.venv\Lib\site-packages\playwright\_impl\_fetch.py:200: in get
    return await self.fetch(
.venv\Lib\site-packages\playwright\_impl\_fetch.py:326: in fetch
    return await self._inner_fetch(
.venv\Lib\site-packages\playwright\_impl\_fetch.py:432: in _inner_fetch
    response = await self._channel.send(
.venv\Lib\site-packages\playwright\_impl\_connection.py:69: in send
    return await self._connection.wrap_api_call(
.venv\Lib\site-packages\playwright\_impl\_connection.py:559: in wrap_api_call
    raise rewrite_error(error, f"{parsed_st['apiName']}: {error}") from None
E   playwright._impl._errors.TimeoutError: APIRequestContext.get: Timeout 10000ms exceeded.
E   Call log:
E     - \u2192 GET https://jsonplaceholder.typicode.com/users/1
E       - user-agent: Playwright/1.60.0 (x64; windows 10.0) python/3.14
E       - accept: */*
E       - accept-encoding: gzip,deflate,br
------------------------------ Captured log call ------------------------------
2026-06-14 20:54:41 [35mDEBUG   [0m users.api.user_client: GET https://jsonplaceholder.typicode.com/users/1
_____ TestRegisterUser.test_account_created_page_shows_success[chromium] ______
[gw6] win32 -- Python 3.14.5 C:\Users\extre\PycharmProjects\pytest-demo\.venv\Scripts\python.exe
tests\users\test_register_ui.py:25: in test_account_created_page_shows_success
    login_page = LoginPage(page=unauthenticated_page, settings=settings).navigate()
                 ^^^^^^^^^^^^^^^^^^^^^^^^^^^^^^^^^^^^^^^^^^^^^^^^^^^^^^^^^^^^^^^^^^
core\base_page.py:31: in navigate
    self._page.goto(self.url, wait_until="domcontentloaded")
.venv\Lib\site-packages\playwright\sync_api\_generated.py:9612: in goto
    self._sync(
.venv\Lib\site-packages\playwright\_impl\_page.py:557: in goto
    return await self._main_frame.goto(**locals_to_params(locals()))
           ^^^^^^^^^^^^^^^^^^^^^^^^^^^^^^^^^^^^^^^^^^^^^^^^^^^^^^^^^
.venv\Lib\site-packages\playwright\_impl\_frame.py:156: in goto
    await self._channel.send(
.venv\Lib\site-packages\playwright\_impl\_connection.py:69: in send
    return await self._connection.wrap_api_call(
.venv\Lib\site-packages\playwright\_impl\_connection.py:559: in wrap_api_call
    raise rewrite_error(error, f"{parsed_st['apiName']}: {error}") from None
E   playwright._impl._errors.TimeoutError: Page.goto: Timeout 30000ms exceeded.
E   Call log:
E     - navigating to "https://automationexercise.com/login", waiting until "domcontentloaded"
------------------------------ Captured log call ------------------------------
2026-06-14 20:54:20 [35mDEBUG   [0m users.pages.login_page: Navigating to https://automationexercise.com/login
---------------------------- Captured log teardown ----------------------------
2026-06-14 20:54:54 \x1b[35mDEBUG   \x1b[0m ae_account.api.ae_account_client: DELETE https://automationexercise.com/api/deleteAccount\n2026-06-14 20:55:01 \x1b[35mDEBUG   \x1b[0m ae_account.api.ae_account_client: \u2190 200
_ TestProductPixelSnapshots.test_product_listing_and_card_snapshots[chromium] _
[gw11] win32 -- Python 3.14.5 C:\Users\extre\PycharmProjects\pytest-demo\.venv\Scripts\python.exe
tests\products\test_product_visual.py:35: in test_product_listing_and_card_snapshots
    expect(unauthenticated_page.locator(".features_items")).to_have_screenshot(
    ^^^^^^^^^^^^^^^^^^^^^^^^^^^^^^^^^^^^^^^^^^^^^^^^^^^^^^^^^^^^^^^^^^^^^^^^^^
E   AttributeError: 'LocatorAssertions' object has no attribute 'to_have_screenshot'
------------------------------ Captured log call ------------------------------
2026-06-14 20:54:19 [35mDEBUG   [0m products.pages.product_page: Navigating to https://automationexercise.com/products
_________ TestProductPixelSnapshots.test_home_hero_snapshot[chromium] _________
[gw10] win32 -- Python 3.14.5 C:\Users\extre\PycharmProjects\pytest-demo\.venv\Scripts\python.exe
tests\products\test_product_visual.py:28: in test_home_hero_snapshot
    HomePage(page=unauthenticated_page, settings=settings).navigate()
core\base_page.py:31: in navigate
    self._page.goto(self.url, wait_until="domcontentloaded")
.venv\Lib\site-packages\playwright\sync_api\_generated.py:9612: in goto
    self._sync(
.venv\Lib\site-packages\playwright\_impl\_page.py:557: in goto
    return await self._main_frame.goto(**locals_to_params(locals()))
           ^^^^^^^^^^^^^^^^^^^^^^^^^^^^^^^^^^^^^^^^^^^^^^^^^^^^^^^^^
.venv\Lib\site-packages\playwright\_impl\_frame.py:156: in goto
    await self._channel.send(
.venv\Lib\site-packages\playwright\_impl\_connection.py:69: in send
    return await self._connection.wrap_api_call(
.venv\Lib\site-packages\playwright\_impl\_connection.py:559: in wrap_api_call
    raise rewrite_error(error, f"{parsed_st['apiName']}: {error}") from None
E   playwright._impl._errors.TimeoutError: Page.goto: Timeout 30000ms exceeded.
E   Call log:
E     - navigating to "https://automationexercise.com/", waiting until "domcontentloaded"
------------------------------ Captured log call ------------------------------
2026-06-14 20:54:19 [35mDEBUG   [0m products.pages.home_page: Navigating to https://automationexercise.com
____________________ TestGetPost.test_user_id_is_positive _____________________
[gw5] win32 -- Python 3.14.5 C:\Users\extre\PycharmProjects\pytest-demo\.venv\Scripts\python.exe
tests\posts\test_post_api.py:20: in test_user_id_is_positive
    post = post_client.get(post_id=1)
           ^^^^^^^^^^^^^^^^^^^^^^^^^^
posts\api\post_client.py:20: in get
    return self._get(post_id)
           ^^^^^^^^^^^^^^^^^^
core\base_api_client.py:67: in _get
    response = self._context.get(url, params=params)
               ^^^^^^^^^^^^^^^^^^^^^^^^^^^^^^^^^^^^^
.venv\Lib\site-packages\playwright\sync_api\_generated.py:20567: in get
    self._sync(
.venv\Lib\site-packages\playwright\_impl\_fetch.py:200: in get
    return await self.fetch(
.venv\Lib\site-packages\playwright\_impl\_fetch.py:326: in fetch
    return await self._inner_fetch(
.venv\Lib\site-packages\playwright\_impl\_fetch.py:432: in _inner_fetch
    response = await self._channel.send(
.venv\Lib\site-packages\playwright\_impl\_connection.py:69: in send
    return await self._connection.wrap_api_call(
.venv\Lib\site-packages\playwright\_impl\_connection.py:559: in wrap_api_call
    raise rewrite_error(error, f"{parsed_st['apiName']}: {error}") from None
E   playwright._impl._errors.TimeoutError: APIRequestContext.get: Timeout 10000ms exceeded.
E   Call log:
E     - \u2192 GET https://jsonplaceholder.typicode.com/posts/1
E       - user-agent: Playwright/1.60.0 (x64; windows 10.0) python/3.14
E       - accept: */*
E       - accept-encoding: gzip,deflate,br
------------------------------ Captured log call ------------------------------
2026-06-14 20:54:46 [35mDEBUG   [0m posts.api.post_client: GET https://jsonplaceholder.typicode.com/posts/1
_____________ TestGetPost.test_valid_id_returns_matching_post[25] _____________
[gw6] win32 -- Python 3.14.5 C:\Users\extre\PycharmProjects\pytest-demo\.venv\Scripts\python.exe
tests\posts\test_post_api.py:36: in test_valid_id_returns_matching_post
    post = post_client.get(post_id=post_id)
           ^^^^^^^^^^^^^^^^^^^^^^^^^^^^^^^^
posts\api\post_client.py:20: in get
    return self._get(post_id)
           ^^^^^^^^^^^^^^^^^^
core\base_api_client.py:67: in _get
    response = self._context.get(url, params=params)
               ^^^^^^^^^^^^^^^^^^^^^^^^^^^^^^^^^^^^^
.venv\Lib\site-packages\playwright\sync_api\_generated.py:20567: in get
    self._sync(
.venv\Lib\site-packages\playwright\_impl\_fetch.py:200: in get
    return await self.fetch(
.venv\Lib\site-packages\playwright\_impl\_fetch.py:326: in fetch
    return await self._inner_fetch(
.venv\Lib\site-packages\playwright\_impl\_fetch.py:432: in _inner_fetch
    response = await self._channel.send(
.venv\Lib\site-packages\playwright\_impl\_connection.py:69: in send
    return await self._connection.wrap_api_call(
.venv\Lib\site-packages\playwright\_impl\_connection.py:559: in wrap_api_call
    raise rewrite_error(error, f"{parsed_st['apiName']}: {error}") from None
E   playwright._impl._errors.TimeoutError: APIRequestContext.get: Timeout 10000ms exceeded.
E   Call log:
E     - \u2192 GET https://jsonplaceholder.typicode.com/posts/25
E       - user-agent: Playwright/1.60.0 (x64; windows 10.0) python/3.14
E       - accept: */*
E       - accept-encoding: gzip,deflate,br
------------------------------ Captured log call ------------------------------
2026-06-14 20:55:01 [35mDEBUG   [0m posts.api.post_client: GET https://jsonplaceholder.typicode.com/posts/25
________________ TestGetPost.test_unknown_id_raises_api_error _________________
[gw13] win32 -- Python 3.14.5 C:\Users\extre\PycharmProjects\pytest-demo\.venv\Scripts\python.exe
tests\posts\test_post_api.py:29: in test_unknown_id_raises_api_error
    post_client.get(post_id=9999)
posts\api\post_client.py:20: in get
    return self._get(post_id)
           ^^^^^^^^^^^^^^^^^^
core\base_api_client.py:67: in _get
    response = self._context.get(url, params=params)
               ^^^^^^^^^^^^^^^^^^^^^^^^^^^^^^^^^^^^^
.venv\Lib\site-packages\playwright\sync_api\_generated.py:20567: in get
    self._sync(
.venv\Lib\site-packages\playwright\_impl\_fetch.py:200: in get
    return await self.fetch(
.venv\Lib\site-packages\playwright\_impl\_fetch.py:326: in fetch
    return await self._inner_fetch(
.venv\Lib\site-packages\playwright\_impl\_fetch.py:432: in _inner_fetch
    response = await self._channel.send(
.venv\Lib\site-packages\playwright\_impl\_connection.py:69: in send
    return await self._connection.wrap_api_call(
.venv\Lib\site-packages\playwright\_impl\_connection.py:559: in wrap_api_call
    raise rewrite_error(error, f"{parsed_st['apiName']}: {error}") from None
E   playwright._impl._errors.TimeoutError: APIRequestContext.get: Timeout 10000ms exceeded.
E   Call log:
E     - \u2192 GET https://jsonplaceholder.typicode.com/posts/9999
E       - user-agent: Playwright/1.60.0 (x64; windows 10.0) python/3.14
E       - accept: */*
E       - accept-encoding: gzip,deflate,br
------------------------------ Captured log call ------------------------------
2026-06-14 20:55:06 [35mDEBUG   [0m posts.api.post_client: GET https://jsonplaceholder.typicode.com/posts/9999
__ TestProductQuantityInCart.test_quantity_4_is_reflected_in_cart[chromium] ___
[gw3] win32 -- Python 3.14.5 C:\Users\extre\PycharmProjects\pytest-demo\.venv\Scripts\python.exe
tests\products\test_cart_ui.py:52: in test_quantity_4_is_reflected_in_cart
    cart_page.clear_cart()
products\pages\cart_page.py:64: in clear_cart
    self._page.goto(self.url, wait_until="domcontentloaded")
.venv\Lib\site-packages\playwright\sync_api\_generated.py:9612: in goto
    self._sync(
.venv\Lib\site-packages\playwright\_impl\_page.py:557: in goto
    return await self._main_frame.goto(**locals_to_params(locals()))
           ^^^^^^^^^^^^^^^^^^^^^^^^^^^^^^^^^^^^^^^^^^^^^^^^^^^^^^^^^
.venv\Lib\site-packages\playwright\_impl\_frame.py:156: in goto
    await self._channel.send(
.venv\Lib\site-packages\playwright\_impl\_connection.py:69: in send
    return await self._connection.wrap_api_call(
.venv\Lib\site-packages\playwright\_impl\_connection.py:559: in wrap_api_call
    raise rewrite_error(error, f"{parsed_st['apiName']}: {error}") from None
E   playwright._impl._errors.TimeoutError: Page.goto: Timeout 30000ms exceeded.
E   Call log:
E     - navigating to "https://automationexercise.com/view_cart", waiting until "domcontentloaded"
----------------------------- Captured log setup ------------------------------
2026-06-14 20:54:20 \x1b[35mDEBUG   \x1b[0m ae_account.api.ae_account_client: POST https://automationexercise.com/api/createAccount\n2026-06-14 20:54:22 \x1b[35mDEBUG   \x1b[0m ae_account.api.ae_account_client: \u2190 200\n2026-06-14 20:54:22 \x1b[35mDEBUG   \x1b[0m users.pages.login_page: Navigating to https://automationexercise.com/login\n2026-06-14 20:54:54 \x1b[35mDEBUG   \x1b[0m users.pages.login_page: Logging in as pytest_bb87f0f5@test.com
____________ TestGetPost.test_valid_id_returns_matching_post[100] _____________
[gw3] win32 -- Python 3.14.5 C:\Users\extre\PycharmProjects\pytest-demo\.venv\Scripts\python.exe
tests\posts\test_post_api.py:36: in test_valid_id_returns_matching_post
    post = post_client.get(post_id=post_id)
           ^^^^^^^^^^^^^^^^^^^^^^^^^^^^^^^^
posts\api\post_client.py:20: in get
    return self._get(post_id)
           ^^^^^^^^^^^^^^^^^^
core\base_api_client.py:67: in _get
    response = self._context.get(url, params=params)
               ^^^^^^^^^^^^^^^^^^^^^^^^^^^^^^^^^^^^^
.venv\Lib\site-packages\playwright\sync_api\_generated.py:20567: in get
    self._sync(
.venv\Lib\site-packages\playwright\_impl\_fetch.py:200: in get
    return await self.fetch(
.venv\Lib\site-packages\playwright\_impl\_fetch.py:326: in fetch
    return await self._inner_fetch(
.venv\Lib\site-packages\playwright\_impl\_fetch.py:432: in _inner_fetch
    response = await self._channel.send(
.venv\Lib\site-packages\playwright\_impl\_connection.py:69: in send
    return await self._connection.wrap_api_call(
.venv\Lib\site-packages\playwright\_impl\_connection.py:559: in wrap_api_call
    raise rewrite_error(error, f"{parsed_st['apiName']}: {error}") from None
E   playwright._impl._errors.TimeoutError: APIRequestContext.get: Timeout 10000ms exceeded.
E   Call log:
E     - \u2192 GET https://jsonplaceholder.typicode.com/posts/100
E       - user-agent: Playwright/1.60.0 (x64; windows 10.0) python/3.14
E       - accept: */*
E       - accept-encoding: gzip,deflate,br
------------------------------ Captured log call ------------------------------
2026-06-14 20:56:00 [35mDEBUG   [0m posts.api.post_client: GET https://jsonplaceholder.typicode.com/posts/100
---------------------------- Captured log teardown ----------------------------
2026-06-14 20:56:11 \x1b[35mDEBUG   \x1b[0m ae_account.api.ae_account_client: DELETE https://automationexercise.com/api/deleteAccount\n2026-06-14 20:56:13 \x1b[35mDEBUG   \x1b[0m ae_account.api.ae_account_client: \u2190 200
=========================== short test summary info ===========================
FAILED tests/ae_account/test_ae_account_api.py::TestGetUserDetail::test_user_has_required_fields
FAILED tests/ae_account/test_ae_account_api.py::TestCreateAccount::test_returns_201_user_created
FAILED tests/ae_products/test_ae_products_api.py::TestPostToProductsList::test_returns_405_method_not_supported
FAILED tests/ae_products/test_ae_products_api.py::TestSearchProduct::test_returns_matching_products
FAILED tests/ae_products/test_ae_products_api.py::TestSearchProductVariousKeywords::test_returns_results_for_keyword[dress]
FAILED tests/ae_account/test_ae_account_api.py::TestVerifyLoginMissingEmail::test_returns_400_missing_parameter
FAILED tests/ae_products/test_ae_products_api.py::TestGetAllProducts::test_products_list_is_non_empty
FAILED tests/ae_account/test_ae_account_api.py::TestVerifyLoginInvalidCredentials::test_returns_404_user_not_found
FAILED tests/ae_products/test_ae_products_api.py::TestGetAllBrands::test_brands_list_is_non_empty
FAILED tests/ae_products/test_ae_products_api.py::TestSearchProductVariousKeywords::test_returns_results_for_keyword[jeans]
FAILED tests/ae_account/test_ae_account_api.py::TestGetUserDetail::test_returns_200_with_user_object
FAILED tests/ae_products/test_ae_products_api.py::TestGetAllProducts::test_returns_200
FAILED tests/ae_products/test_ae_products_api.py::TestGetAllBrands::test_returns_200
FAILED tests/ae_products/test_ae_products_api.py::TestSearchProductVariousKeywords::test_returns_results_for_keyword[saree]
FAILED tests/ae_products/test_ae_products_api.py::TestSearchProduct::test_search_results_contain_keyword
FAILED tests/ae_products/test_ae_products_api.py::TestGetAllProducts::test_each_product_has_name_and_price
FAILED tests/ae_products/test_ae_products_api.py::TestSearchProductMissingParam::test_returns_400_bad_request
FAILED tests/ae_account/test_ae_account_api.py::TestDeleteVerifyLogin::test_returns_405_method_not_supported
FAILED tests/ae_account/test_ae_account_api.py::TestGetUserDetail::test_email_matches_requested
FAILED tests/ae_account/test_ae_account_api.py::TestVerifyLoginInvalidCredentials::test_message_indicates_user_not_found
FAILED tests/ae_products/test_ae_products_api.py::TestPutToBrandsList::test_returns_405_method_not_supported
FAILED tests/ae_account/test_ae_account_api.py::TestCreateAccount::test_message_confirms_creation
FAILED tests/ae_products/test_ae_products_api.py::TestSearchProductMissingParam::test_error_message_mentions_missing_param
FAILED tests/posts/test_post_api.py::TestGetPost::test_returns_valid_schema
FAILED tests/users/test_user_api.py::TestGetUser::test_name_is_non_empty - pl...
FAILED tests/users/test_user_api.py::TestGetUser::test_unknown_id_raises_api_error
FAILED tests/users/test_user_api.py::TestGetUser::test_valid_id_returns_matching_user[1]
FAILED tests/users/test_register_ui.py::TestRegisterUser::test_account_created_page_shows_success[chromium]
FAILED tests/products/test_product_visual.py::TestProductPixelSnapshots::test_product_listing_and_card_snapshots[chromium]
FAILED tests/products/test_product_visual.py::TestProductPixelSnapshots::test_home_hero_snapshot[chromium]
FAILED tests/posts/test_post_api.py::TestGetPost::test_user_id_is_positive - ...
FAILED tests/posts/test_post_api.py::TestGetPost::test_valid_id_returns_matching_post[25]
FAILED tests/posts/test_post_api.py::TestGetPost::test_unknown_id_raises_api_error
FAILED tests/products/test_cart_ui.py::TestProductQuantityInCart::test_quantity_4_is_reflected_in_cart[chromium]
FAILED tests/posts/test_post_api.py::TestGetPost::test_valid_id_returns_matching_post[100]
ERROR tests/ae_account/test_ae_account_api.py::TestVerifyLogin::test_returns_200_user_exists
ERROR tests/ae_account/test_ae_account_api.py::TestDeleteAccount::test_returns_200_account_deleted
ERROR tests/ae_account/test_ae_account_api.py::TestUpdateAccount::test_returns_200_user_updated
ERROR tests/ae_account/test_ae_account_api.py::TestVerifyLogin::test_message_confirms_user_exists
ERROR tests/ae_account/test_ae_account_api.py::TestDeleteAccount::test_message_confirms_deletion
ERROR tests/ae_account/test_ae_account_api.py::TestUpdateAccount::test_message_confirms_update
ERROR tests/home/test_home_ui.py::TestNavigateToTestCasesPage::test_test_cases_page_loads[chromium]
ERROR tests/contact/test_contact_ui.py::TestContactUsForm::test_success_allows_return_to_home[chromium]
ERROR tests/home/test_home_ui.py::TestScrollUpWithArrow::test_scroll_up_arrow_returns_to_hero[chromium]
ERROR tests/contact/test_contact_ui.py::TestContactUsForm::test_form_submission_shows_success[chromium]
ERROR tests/checkout/test_checkout_ui.py::TestPlaceOrderLoginBeforeCheckout::test_order_placed_after_login[chromium]
ERROR tests/home/test_home_ui.py::TestScrollUpManually::test_manual_scroll_up_returns_to_hero[chromium]
ERROR tests/products/test_cart_ui.py::TestAddProductsToCart::test_two_products_appear_in_cart[chromium]
ERROR tests/products/test_cart_ui.py::TestAddProductsToCart::test_cart_shows_correct_product_names[chromium]
ERROR tests/products/test_categories_brands_ui.py::TestViewBrandProducts::test_h_m_brand_page_shows_products[chromium]
ERROR tests/products/test_cart_ui.py::TestAddRecommendedItemToCart::test_recommended_item_added_to_cart[chromium]
ERROR tests/products/test_product_detail_ui.py::TestProductDetailPage::test_product_detail_page_shows_price[chromium]
ERROR tests/products/test_product_detail_ui.py::TestProductDetailPage::test_product_detail_page_shows_category[chromium]
ERROR tests/products/test_product_detail_ui.py::TestProductDetailPage::test_product_detail_page_shows_name[chromium]
ERROR tests/products/test_product_detail_ui.py::TestProductDetailPage::test_product_detail_page_shows_availability[chromium]
ERROR tests/products/test_product_detail_ui.py::TestProductDetailPage::test_view_product_link_navigates_to_detail[chromium]
ERROR tests/products/test_product_detail_ui.py::TestProductDetailPage::test_product_detail_page_shows_brand[chromium]
ERROR tests/products/test_product_ui.py::TestProductPage::test_products_are_listed[chromium]
ERROR tests/products/test_product_ui.py::TestProductPage::test_page_loads[chromium]
ERROR tests/products/test_product_ui.py::TestProductSearch::test_search_returns_results[chromium]
ERROR tests/products/test_subscription_ui.py::TestSubscriptionOnHomePage::test_subscription_success_shown[chromium]
ERROR tests/products/test_subscription_ui.py::TestSubscriptionOnCartPage::test_subscription_success_on_cart[chromium]
ERROR tests/checkout/test_checkout_ui.py::TestPlaceOrderRegisterBeforeCheckout::test_order_placed_successfully[chromium]
ERROR tests/checkout/test_checkout_ui.py::TestVerifyAddressAtCheckout::test_delivery_address_is_not_empty[chromium]
ERROR tests/checkout/test_checkout_ui.py::TestDownloadInvoice::test_invoice_file_is_downloaded[chromium]
ERROR tests/users/test_login_ui.py::TestLogout::test_logout_redirects_to_login[chromium]
ERROR tests/products/test_cart_ui.py::TestSearchAndVerifyCartAfterLogin::test_cart_products_persist_after_login[chromium]
ERROR tests/products/test_categories_brands_ui.py::TestViewCategoryProducts::test_women_tops_category_shows_products[chromium]
ERROR tests/products/test_categories_brands_ui.py::TestViewBrandProducts::test_polo_brand_page_shows_products[chromium]
ERROR tests/users/test_login_ui.py::TestLoginPage::test_valid_credentials_redirect_away_from_login[chromium]
ERROR tests/users/test_register_ui.py::TestRegisterWithExistingEmail::test_existing_email_shows_error[chromium]
ERROR tests/products/test_categories_brands_ui.py::TestViewCategoryProducts::test_men_tshirts_category_shows_products[chromium]
============ 35 failed, 32 passed, 37 errors in 200.65s (0:03:20) =============
